[2026-01-28 19:57:14] API REQ [POST]
{
    "url": "https://oauth2.bog.ge/auth/realms/bog/protocol/openid-connect/token",
    "data": "grant_type=client_credentials"
}
--------------------------------------------------
[2026-01-28 19:57:15] API RES [200]
{"access_token":"eyJhbGciOiJSUzI1NiIsInR5cCIgOiAiSldUIiwia2lkIiA6ICJqbFZjbGpJRnM0YnpJX1dSTDlFSmdIRjJ1YUV1Q0pLU2QzNnNoT0pvZVFjIn0.eyJleHAiOjE3Njk2MTYxMzQsImlhdCI6MTc2OTYxNTgzNCwianRpIjoiOWQyMjE5NjgtNGQ5Ny00ZDI4LWJkOWMtMzc3NWVhZmRmNWJiIiwiaXNzIjoiaHR0cHM6Ly9vYXV0aDIuYm9nLmdlL2F1dGgvcmVhbG1zL2JvZyIsImF1ZCI6ImFjY291bnQiLCJzdWIiOiI2NmYxZjZlZC01ZmZkLTQxMzItOGY3OC05YmFlMTJmYTM3NDUiLCJ0eXAiOiJCZWFyZXIiLCJhenAiOiI2NTU0NSIsImFjciI6IjEiLCJyZWFsbV9hY2Nlc3MiOnsicm9sZXMiOlsiZGVmYXVsdC1yb2xlcy1ib2ciLCJvZmZsaW5lX2FjY2VzcyIsInVtYV9hdXRob3JpemF0aW9uIl19LCJyZXNvdXJjZV9hY2Nlc3MiOnsiYWNjb3VudCI6eyJyb2xlcyI6WyJtYW5hZ2UtYWNjb3VudCIsIm1hbmFnZS1hY2NvdW50LWxpbmtzIiwidmlldy1wcm9maWxlIl19fSwic2NvcGUiOiJlbWFpbCBwcm9maWxlIiwiY2xpZW50SWQiOiI2NTU0NSIsImVtYWlsX3ZlcmlmaWVkIjpmYWxzZSwiY2xpZW50SG9zdCI6IjE4NS4xMTUuNy4yMTUiLCJwcmVmZXJyZWRfdXNlcm5hbWUiOiJzZXJ2aWNlLWFjY291bnQtNjU1NDUiLCJjbGllbnRBZGRyZXNzIjoiMTg1LjExNS43LjIxNSJ9.DzTMBsEu6nw2QrgXzb3jRZmXiEkf4gDiN-WEK6FE2IFPMyS92FcLWrG52oVma8KApwAC8xGq-BXAoe4hKsU5lEHNcKkViTSr0XcvqyzPH7KtEjpDjnqDYbXES69NUyc09JDHI7NnObIc5g7wuvwFa4g9FMcqQEJeZy7NmNMoXPe45BL_MNDKnnw1mXgj123dc0fDa8ihlT3MdXg7IM1Yu28aWgB9_2Ydd6l5ufNStDJnePJMaeyNJscSp3JlVmgPg9ipmav1LdfoxjJVcXhoXW0EYIR9_sSy22kqQxYcvzZ1buAhqwAaJzYPWPMByuvdfLfjryCrK3rV7n4TrASzXw","expires_in":300,"refresh_expires_in":0,"token_type":"Bearer","not-before-policy":0,"scope":"email profile"}
--------------------------------------------------
[2026-01-28 19:57:15] API REQ [POST]
{
    "url": "https://api.bog.ge/payments/v1/ecommerce/orders",
    "data": {
        "callback_url": "http://localhost/?ok_action=bog_callback",
        "external_order_id": "appointment-13-1769615834",
        "expire_date": "2026-01-28T16:09:15Z",
        "purchase_units": {
            "currency": "GEL",
            "total_amount": 60,
            "basket": [
                {
                    "quantity": 1,
                    "unit_price": 60,
                    "product_id": "System Payment"
                }
            ]
        },
        "redirect_urls": {
            "fail": "http://localhost/?ok_action=bog_callback",
            "success": "http://localhost/?ok_action=bog_callback"
        }
    }
}
--------------------------------------------------
[2026-01-28 19:57:16] API RES [400]
{"message":"callback url should start with 'https://'"}
--------------------------------------------------
[2026-01-29 02:07:57] API REQ [POST]
{
    "url": "https://oauth2-sandbox.bog.ge/auth/realms/bog/protocol/openid-connect/token",
    "payload": "grant_type=client_credentials"
}
--------------------------------------------------
[2026-01-29 02:07:57] API RES [200]
{"access_token":"eyJhbGciOiJSUzI1NiIsInR5cCIgOiAiSldUIiwia2lkIiA6ICJseVBrZVJpNjJlV3BDY3JZalV4ZTVPLWlWVU1VcV9TUHhZZENubGxFZHJZIn0.eyJleHAiOjE3Njk2MzgzNzcsImlhdCI6MTc2OTYzODA3NywianRpIjoiZDViOTczZDAtZmE0NC00NzU0LWFmMzQtNDU0OWU5YjQwNGJkIiwiaXNzIjoiaHR0cHM6Ly9vYXV0aDItc2FuZGJveC5ib2cuZ2UvYXV0aC9yZWFsbXMvYm9nIiwiYXVkIjoiYWNjb3VudCIsInN1YiI6IjEyNjFiZTIxLTJhZTItNDFiOC1iODllLTE5NzU2YTdhYTY5MyIsInR5cCI6IkJlYXJlciIsImF6cCI6IjEwMDAwMDgzIiwiYWNyIjoiMSIsInJlYWxtX2FjY2VzcyI6eyJyb2xlcyI6WyJkZWZhdWx0LXJvbGVzLWJvZyIsIm9mZmxpbmVfYWNjZXNzIiwidW1hX2F1dGhvcml6YXRpb24iXX0sInJlc291cmNlX2FjY2VzcyI6eyJhY2NvdW50Ijp7InJvbGVzIjpbIm1hbmFnZS1hY2NvdW50IiwibWFuYWdlLWFjY291bnQtbGlua3MiLCJ2aWV3LXByb2ZpbGUiXX19LCJzY29wZSI6InByb2ZpbGUgZW1haWwiLCJlbWFpbF92ZXJpZmllZCI6ZmFsc2UsImNsaWVudElkIjoiMTAwMDAwODMiLCJjbGllbnRIb3N0IjoiMTAuNDUuNDguNjAiLCJwcmVmZXJyZWRfdXNlcm5hbWUiOiJzZXJ2aWNlLWFjY291bnQtMTAwMDAwODMiLCJjbGllbnRBZGRyZXNzIjoiMTAuNDUuNDguNjAifQ.lNsaKuBLk1MSjm9uxGmkiKlEV-tz-x3UMDkdhwpfn41ZFzYgSV0JMvHII_F6Ag-5mXI9aBK1N8xxBvH7r_SiP4ZNkSLoZaN5GQnU5eVDJTdvmJcllHrNfR6Ahhyt6GvyGV2lZ2BzWeanTb51XM05VkSmgIXFxV269MvFf0Z86I1Flo2XHh_QCuZqciuC5n1r8LHnct15S9-bntX9Ta2y_MNSwRAzd_dQweJRwC0IACpSr7sIFsiXeF4B0uBWWa_73ZE3U4KtGyhw_1K-mB5NZ1LrJvpOcTGiALNAiPRlnZ-Ahtt7GKVwsl51pxr0W60laQcMAseYhpp8gVaBBg1DCw","expires_in":300,"refresh_expires_in":0,"token_type":"Bearer","not-before-policy":0,"scope":"profile email"}
--------------------------------------------------
[2026-01-29 02:07:57] API REQ [POST]
{
    "url": "https://api-sandbox.bog.ge/payments/v1/ecommerce/orders",
    "payload": {
        "callback_url": "https://drpaata.ge/?ok_action=bog_callback",
        "external_order_id": "pay-34-1769638077",
        "capture_method": "AUTOMATIC",
        "purchase_units": {
            "currency": "GEL",
            "total_amount": 50,
            "basket": [
                {
                    "quantity": 1,
                    "unit_price": 50,
                    "product_id": "Test Product"
                }
            ]
        },
        "redirect_urls": {
            "fail": "https://drpaata.ge/?ok_action=bog_result&oid=pay-34-1769638077",
            "success": "https://drpaata.ge/?ok_action=bog_result&oid=pay-34-1769638077"
        }
    }
}
--------------------------------------------------
[2026-01-29 02:07:57] API RES [201]
{"id":"34b94424-adfa-446c-80ba-b07aa6e622da","_links":{"details":{"href":"https://api-sandbox.bog.ge/payments/v1/receipt/34b94424-adfa-446c-80ba-b07aa6e622da"},"redirect":{"href":"https://payment-sandbox.bog.ge?order_id=34b94424-adfa-446c-80ba-b07aa6e622da"}}}
--------------------------------------------------
[2026-01-29 02:08:17] API REQ [POST]
{
    "url": "https://oauth2-sandbox.bog.ge/auth/realms/bog/protocol/openid-connect/token",
    "payload": "grant_type=client_credentials"
}
--------------------------------------------------
[2026-01-29 02:08:17] API RES [200]
{"access_token":"eyJhbGciOiJSUzI1NiIsInR5cCIgOiAiSldUIiwia2lkIiA6ICJseVBrZVJpNjJlV3BDY3JZalV4ZTVPLWlWVU1VcV9TUHhZZENubGxFZHJZIn0.eyJleHAiOjE3Njk2MzgzOTcsImlhdCI6MTc2OTYzODA5NywianRpIjoiNTEwMmExMjgtMTRlNC00YjBiLWIxOGMtZDlmOGFkYzM1MzdjIiwiaXNzIjoiaHR0cHM6Ly9vYXV0aDItc2FuZGJveC5ib2cuZ2UvYXV0aC9yZWFsbXMvYm9nIiwiYXVkIjoiYWNjb3VudCIsInN1YiI6IjEyNjFiZTIxLTJhZTItNDFiOC1iODllLTE5NzU2YTdhYTY5MyIsInR5cCI6IkJlYXJlciIsImF6cCI6IjEwMDAwMDgzIiwiYWNyIjoiMSIsInJlYWxtX2FjY2VzcyI6eyJyb2xlcyI6WyJkZWZhdWx0LXJvbGVzLWJvZyIsIm9mZmxpbmVfYWNjZXNzIiwidW1hX2F1dGhvcml6YXRpb24iXX0sInJlc291cmNlX2FjY2VzcyI6eyJhY2NvdW50Ijp7InJvbGVzIjpbIm1hbmFnZS1hY2NvdW50IiwibWFuYWdlLWFjY291bnQtbGlua3MiLCJ2aWV3LXByb2ZpbGUiXX19LCJzY29wZSI6InByb2ZpbGUgZW1haWwiLCJlbWFpbF92ZXJpZmllZCI6ZmFsc2UsImNsaWVudElkIjoiMTAwMDAwODMiLCJjbGllbnRIb3N0IjoiMTAuNDUuNDguNjAiLCJwcmVmZXJyZWRfdXNlcm5hbWUiOiJzZXJ2aWNlLWFjY291bnQtMTAwMDAwODMiLCJjbGllbnRBZGRyZXNzIjoiMTAuNDUuNDguNjAifQ.j2nfCopMGaVRWvTc1JtiZPyQvYjPNlrVUShh7GTuxaEjyXqkBMFCE-IXcOTwv4Clp6BNPpmLqHAOrVwBZ3eAORKpk_DBQ5Anj0h3-kD0hOu6eBmtoDtv0KEfrQ9aMu-091u1pyNvxfI5JgmWB_4mxinn5aw5GHnSmvdQ7feswfCrFkqZZDu9Pienen830U98ijCndwbkH5G0pcKokS2DBORbCR07D6SF9j2hL5CE21hwmk02jUqUNhDJviQQWTbArj88iHbyAq04zLi5lpysa0cZvfX9kD9Ihi5_Cx19kXUIYe5ClLXCcdmQsCdO6rVFsj9iC63p3FqAPOh9MB2vXw","expires_in":300,"refresh_expires_in":0,"token_type":"Bearer","not-before-policy":0,"scope":"profile email"}
--------------------------------------------------
[2026-01-29 02:08:17] API REQ [GET]
{
    "url": "https://api-sandbox.bog.ge/payments/v1/receipt/34b94424-adfa-446c-80ba-b07aa6e622da",
    "payload": []
}
--------------------------------------------------
[2026-01-29 02:08:17] API RES [200]
{"order_id":"34b94424-adfa-446c-80ba-b07aa6e622da","external_order_id":"pay-34-1769638077","client":{"id":"10000083","brand_ka":"დრპაატატესტ","brand_en":"Drpaatatest","url":"https://www.drpaata.ge"},"create_date":"2026-01-29T02:07:57.429796","zoned_create_date":"2026-01-28T22:07:57.429796Z","expire_date":"2026-01-29T02:22:57.429796","zoned_expire_date":"2026-01-28T22:22:57.429796Z","order_status":{"key":"processing","value":"Processing"},"buyer":null,"redirect_links":{"success":"https://drpaata.ge/?ok_action=bog_result&oid=pay-34-1769638077","fail":"https://drpaata.ge/?ok_action=bog_result&oid=pay-34-1769638077"},"payment_detail":{"transfer_method":{"key":"card","value":"Card Payment"},"transaction_id":null,"payer_identifier":null,"payment_option":"direct_debit","card_type":"visa","card_expiry_date":"12/30","request_account_tag":null,"transfer_account_tag":null,"saved_card_type":null,"parent_order_id":null,"code":"100","code_description":"Successful payment","pg_trx_id":"P8XTIP2SDV5BHWXI","auth_code":"405952"},"actions":null,"disputes":null,"split":null,"discount":null,"lang":"ka","reject_reason":null,"industry":"ecommerce","capture":"automatic","purchase_units":{"request_amount":"50.0","transfer_amount":null,"refund_amount":null,"currency_code":"GEL","items":[{"external_item_id":"Test Product","unit_price":"50.0","description":null,"quantity":"1","unit_discount_price":"0.0","package_code":null,"total_price":null,"vat":null,"vat_percent":null,"tin":null,"pinfl":null,"product_discount_id":null}]}}
--------------------------------------------------
[2026-01-29 02:09:43] API REQ [POST]
{
    "url": "https://oauth2-sandbox.bog.ge/auth/realms/bog/protocol/openid-connect/token",
    "payload": "grant_type=client_credentials"
}
--------------------------------------------------
[2026-01-29 02:09:43] API RES [200]
{"access_token":"eyJhbGciOiJSUzI1NiIsInR5cCIgOiAiSldUIiwia2lkIiA6ICJseVBrZVJpNjJlV3BDY3JZalV4ZTVPLWlWVU1VcV9TUHhZZENubGxFZHJZIn0.eyJleHAiOjE3Njk2Mzg0ODMsImlhdCI6MTc2OTYzODE4MywianRpIjoiZTliZDkxM2ItZDI5Yy00NTkyLWE1MDgtMGUxZjQ3NzViZTUwIiwiaXNzIjoiaHR0cHM6Ly9vYXV0aDItc2FuZGJveC5ib2cuZ2UvYXV0aC9yZWFsbXMvYm9nIiwiYXVkIjoiYWNjb3VudCIsInN1YiI6IjEyNjFiZTIxLTJhZTItNDFiOC1iODllLTE5NzU2YTdhYTY5MyIsInR5cCI6IkJlYXJlciIsImF6cCI6IjEwMDAwMDgzIiwiYWNyIjoiMSIsInJlYWxtX2FjY2VzcyI6eyJyb2xlcyI6WyJkZWZhdWx0LXJvbGVzLWJvZyIsIm9mZmxpbmVfYWNjZXNzIiwidW1hX2F1dGhvcml6YXRpb24iXX0sInJlc291cmNlX2FjY2VzcyI6eyJhY2NvdW50Ijp7InJvbGVzIjpbIm1hbmFnZS1hY2NvdW50IiwibWFuYWdlLWFjY291bnQtbGlua3MiLCJ2aWV3LXByb2ZpbGUiXX19LCJzY29wZSI6InByb2ZpbGUgZW1haWwiLCJlbWFpbF92ZXJpZmllZCI6ZmFsc2UsImNsaWVudElkIjoiMTAwMDAwODMiLCJjbGllbnRIb3N0IjoiMTAuNDUuNDguNjAiLCJwcmVmZXJyZWRfdXNlcm5hbWUiOiJzZXJ2aWNlLWFjY291bnQtMTAwMDAwODMiLCJjbGllbnRBZGRyZXNzIjoiMTAuNDUuNDguNjAifQ.djSTDrYnrX9eddzH1E2njAJtKBU9AiS9ji70F4CuS1CICw1Fb5WfOdURljVVlmW6HdT0TY_GQtIux3Q0l8uzTz-Zgql13dLaw2xxpsSn0huOgFhUF85lxHTdJ21t4mCFZhvFEa19tt89SLhMSAUkeSbFtiA5f5Uv9RkQjo3FPL5xEOMf8UB-4qeh0pLfV1NGJvUFDLjmH0hwxTGc_dEQEYCAMVZxzA1RA0FB0j3qP6Lmk7YefPIJd8ezWTpQAdFHhgjAw-T8hH2XjcvrH4UR5E3JFsK3W9RI30f5-0epo8ZDUAXAJ70lAX6uG1bGa67xQRb5EnamzGZIEnKa0tT-qQ","expires_in":300,"refresh_expires_in":0,"token_type":"Bearer","not-before-policy":0,"scope":"profile email"}
--------------------------------------------------
[2026-01-29 02:09:43] API REQ [POST]
{
    "url": "https://api-sandbox.bog.ge/payments/v1/ecommerce/orders",
    "payload": {
        "callback_url": "https://drpaata.ge/?ok_action=bog_callback",
        "external_order_id": "pay-35-1769638183",
        "capture_method": "AUTOMATIC",
        "purchase_units": {
            "currency": "GEL",
            "total_amount": 50,
            "basket": [
                {
                    "quantity": 1,
                    "unit_price": 50,
                    "product_id": "Test Product"
                }
            ]
        },
        "redirect_urls": {
            "fail": "https://drpaata.ge/?ok_action=bog_result&oid=pay-35-1769638183",
            "success": "https://drpaata.ge/?ok_action=bog_result&oid=pay-35-1769638183"
        }
    }
}
--------------------------------------------------
[2026-01-29 02:09:43] API RES [201]
{"id":"7b9b54b1-c53f-4c95-9359-be062e00b6cc","_links":{"details":{"href":"https://api-sandbox.bog.ge/payments/v1/receipt/7b9b54b1-c53f-4c95-9359-be062e00b6cc"},"redirect":{"href":"https://payment-sandbox.bog.ge?order_id=7b9b54b1-c53f-4c95-9359-be062e00b6cc"}}}
--------------------------------------------------
[2026-01-29 02:10:00] API REQ [POST]
{
    "url": "https://oauth2-sandbox.bog.ge/auth/realms/bog/protocol/openid-connect/token",
    "payload": "grant_type=client_credentials"
}
--------------------------------------------------
[2026-01-29 02:10:00] API RES [200]
{"access_token":"eyJhbGciOiJSUzI1NiIsInR5cCIgOiAiSldUIiwia2lkIiA6ICJseVBrZVJpNjJlV3BDY3JZalV4ZTVPLWlWVU1VcV9TUHhZZENubGxFZHJZIn0.eyJleHAiOjE3Njk2Mzg1MDAsImlhdCI6MTc2OTYzODIwMCwianRpIjoiNGJmNDE1MmItZTdjMi00MzY4LTkwZTUtMTA3ZWEyZmM3YTc0IiwiaXNzIjoiaHR0cHM6Ly9vYXV0aDItc2FuZGJveC5ib2cuZ2UvYXV0aC9yZWFsbXMvYm9nIiwiYXVkIjoiYWNjb3VudCIsInN1YiI6IjEyNjFiZTIxLTJhZTItNDFiOC1iODllLTE5NzU2YTdhYTY5MyIsInR5cCI6IkJlYXJlciIsImF6cCI6IjEwMDAwMDgzIiwiYWNyIjoiMSIsInJlYWxtX2FjY2VzcyI6eyJyb2xlcyI6WyJkZWZhdWx0LXJvbGVzLWJvZyIsIm9mZmxpbmVfYWNjZXNzIiwidW1hX2F1dGhvcml6YXRpb24iXX0sInJlc291cmNlX2FjY2VzcyI6eyJhY2NvdW50Ijp7InJvbGVzIjpbIm1hbmFnZS1hY2NvdW50IiwibWFuYWdlLWFjY291bnQtbGlua3MiLCJ2aWV3LXByb2ZpbGUiXX19LCJzY29wZSI6InByb2ZpbGUgZW1haWwiLCJlbWFpbF92ZXJpZmllZCI6ZmFsc2UsImNsaWVudElkIjoiMTAwMDAwODMiLCJjbGllbnRIb3N0IjoiMTAuNDUuNDguNjAiLCJwcmVmZXJyZWRfdXNlcm5hbWUiOiJzZXJ2aWNlLWFjY291bnQtMTAwMDAwODMiLCJjbGllbnRBZGRyZXNzIjoiMTAuNDUuNDguNjAifQ.MZaAerOyFX9axeEm1vff833hXwFreUMSuMgrbgAYx1-c0lkvo4hBKhu4Syfm8L5vtMllXNdwWuJ6JL_yiWlgfoe4uMXHRjlOiUUYGS4CE2KHBWVlflIa8Opf8fXmiSeIXXw5oZY4A14eCYZ_1OiUuLCpeCFZ8UiRnswjVCeR8J9NheNfeqW2Cbp_NrzWuDxFQmlpf1yVaL5ushyb_uRdPgAjwi-OZK8eVo4PSaSLomNn9uqWsQjT1nJwvXZxLSB9PNpmMFXeYMFKJRIaluPYqq5GEVtvI-v0i-_z3_dqKSPQoNa7y-XmhZvL39y-3ZTFKsdDJSsjxixduZE6wf-lpw","expires_in":300,"refresh_expires_in":0,"token_type":"Bearer","not-before-policy":0,"scope":"profile email"}
--------------------------------------------------
[2026-01-29 02:10:00] API REQ [GET]
{
    "url": "https://api-sandbox.bog.ge/payments/v1/receipt/7b9b54b1-c53f-4c95-9359-be062e00b6cc",
    "payload": []
}
--------------------------------------------------
[2026-01-29 02:10:00] API RES [200]
{"order_id":"7b9b54b1-c53f-4c95-9359-be062e00b6cc","external_order_id":"pay-35-1769638183","client":{"id":"10000083","brand_ka":"დრპაატატესტ","brand_en":"Drpaatatest","url":"https://www.drpaata.ge"},"create_date":"2026-01-29T02:09:43.239085","zoned_create_date":"2026-01-28T22:09:43.239085Z","expire_date":"2026-01-29T02:24:43.239085","zoned_expire_date":"2026-01-28T22:24:43.239085Z","order_status":{"key":"processing","value":"Processing"},"buyer":null,"redirect_links":{"success":"https://drpaata.ge/?ok_action=bog_result&oid=pay-35-1769638183","fail":"https://drpaata.ge/?ok_action=bog_result&oid=pay-35-1769638183"},"payment_detail":{"transfer_method":{"key":"card","value":"Card Payment"},"transaction_id":null,"payer_identifier":null,"payment_option":"direct_debit","card_type":"visa","card_expiry_date":null,"request_account_tag":null,"transfer_account_tag":null,"saved_card_type":null,"parent_order_id":null,"code":"107","code_description":"Payment declined due to insufficient funds in the account","pg_trx_id":"DOV3XOFWQYU4CSI1","auth_code":null},"actions":null,"disputes":null,"split":null,"discount":null,"lang":"ka","reject_reason":null,"industry":"ecommerce","capture":"automatic","purchase_units":{"request_amount":"50.0","transfer_amount":null,"refund_amount":null,"currency_code":"GEL","items":[{"external_item_id":"Test Product","unit_price":"50.0","description":null,"quantity":"1","unit_discount_price":"0.0","package_code":null,"total_price":null,"vat":null,"vat_percent":null,"tin":null,"pinfl":null,"product_discount_id":null}]}}
--------------------------------------------------
[2026-01-29 10:04:32] API REQ [POST]
{
    "url": "https://oauth2.bog.ge/auth/realms/bog/protocol/openid-connect/token",
    "payload": "grant_type=client_credentials"
}
--------------------------------------------------
[2026-01-29 10:04:32] API RES [200]
{"access_token":"eyJhbGciOiJSUzI1NiIsInR5cCIgOiAiSldUIiwia2lkIiA6ICJqbFZjbGpJRnM0YnpJX1dSTDlFSmdIRjJ1YUV1Q0pLU2QzNnNoT0pvZVFjIn0.eyJleHAiOjE3Njk2NjY5NzIsImlhdCI6MTc2OTY2NjY3MiwianRpIjoiYWQ0ZTZlNTEtMjIwYS00ZmQ3LWFlOTItZjMxZDg5ZDBiMTIwIiwiaXNzIjoiaHR0cHM6Ly9vYXV0aDIuYm9nLmdlL2F1dGgvcmVhbG1zL2JvZyIsImF1ZCI6ImFjY291bnQiLCJzdWIiOiI2M2E3NGNjNS04ZjI2LTQyMDQtYjM0Mi00MWE1ZGM2OWIwNmYiLCJ0eXAiOiJCZWFyZXIiLCJhenAiOiIxMDAwMjA0OSIsImFjciI6IjEiLCJyZWFsbV9hY2Nlc3MiOnsicm9sZXMiOlsiZGVmYXVsdC1yb2xlcy1ib2ciLCJvZmZsaW5lX2FjY2VzcyIsInVtYV9hdXRob3JpemF0aW9uIl19LCJyZXNvdXJjZV9hY2Nlc3MiOnsiYWNjb3VudCI6eyJyb2xlcyI6WyJtYW5hZ2UtYWNjb3VudCIsIm1hbmFnZS1hY2NvdW50LWxpbmtzIiwidmlldy1wcm9maWxlIl19fSwic2NvcGUiOiJlbWFpbCBwcm9maWxlIiwiY2xpZW50SG9zdCI6IjQ1LjEzOC40NC4yMjkiLCJjbGllbnRJZCI6IjEwMDAyMDQ5IiwiZW1haWxfdmVyaWZpZWQiOmZhbHNlLCJwcmVmZXJyZWRfdXNlcm5hbWUiOiJzZXJ2aWNlLWFjY291bnQtMTAwMDIwNDkiLCJjbGllbnRBZGRyZXNzIjoiNDUuMTM4LjQ0LjIyOSJ9.dGEuI2EzSgg79yPI8Emo909vat0hABU4YZnoeFa3suz2Zx-qF8gLZjggRt1nI_tIkkiIR4BRitT39HMIVy8itqRvjOGGoCgjfv2NKyEBj7rjHlu9IjdlhwuEqvOdI2lmqRQhPX_G6gRU1gzmYKu5JMJEZFIa_cCJfGoyRvaMMKHTTO7whUPk9LYCIPkkF8sbXLcd7nJ2gRGu3XX7ez33VwnBR-f1lOdKyyDDNb-w3myLWa7bvLeERZHldGijLhXz736CmNMPErBu_WLW0bnFur8XwqG77f570NvK0kPDO5kFYiorlv4tslYGcK0BM73COFUSKIlEsIlhFGG9QYQ77A","expires_in":300,"refresh_expires_in":0,"token_type":"Bearer","not-before-policy":0,"scope":"email profile"}
--------------------------------------------------
[2026-01-29 10:04:32] API REQ [POST]
{
    "url": "https://api.bog.ge/payments/v1/ecommerce/orders",
    "payload": {
        "callback_url": "https://drpaata.ge/?ok_action=bog_callback",
        "external_order_id": "pay-36-1769666672",
        "capture_method": "AUTOMATIC",
        "purchase_units": {
            "currency": "GEL",
            "total_amount": 1,
            "basket": [
                {
                    "quantity": 1,
                    "unit_price": 1,
                    "product_id": "Purchase"
                }
            ]
        },
        "redirect_urls": {
            "fail": "https://drpaata.ge/?ok_action=bog_result&oid=pay-36-1769666672",
            "success": "https://drpaata.ge/?ok_action=bog_result&oid=pay-36-1769666672"
        }
    }
}
--------------------------------------------------
[2026-01-29 10:04:32] API RES [201]
{"id":"1dcc2586-d058-4960-b79f-05af28e90851","_links":{"details":{"href":"https://api.bog.ge/payments/v1/receipt/1dcc2586-d058-4960-b79f-05af28e90851"},"redirect":{"href":"https://payment.bog.ge?order_id=1dcc2586-d058-4960-b79f-05af28e90851"}}}
--------------------------------------------------
[2026-01-29 10:06:12] API REQ [POST]
{
    "url": "https://oauth2.bog.ge/auth/realms/bog/protocol/openid-connect/token",
    "payload": "grant_type=client_credentials"
}
--------------------------------------------------
[2026-01-29 10:06:12] API RES [200]
{"access_token":"eyJhbGciOiJSUzI1NiIsInR5cCIgOiAiSldUIiwia2lkIiA6ICJqbFZjbGpJRnM0YnpJX1dSTDlFSmdIRjJ1YUV1Q0pLU2QzNnNoT0pvZVFjIn0.eyJleHAiOjE3Njk2NjcwNzIsImlhdCI6MTc2OTY2Njc3MiwianRpIjoiY2M4ZjljY2MtNzIyOS00YjUyLTkyNDgtYTViNGVmN2NhOGI5IiwiaXNzIjoiaHR0cHM6Ly9vYXV0aDIuYm9nLmdlL2F1dGgvcmVhbG1zL2JvZyIsImF1ZCI6ImFjY291bnQiLCJzdWIiOiI2M2E3NGNjNS04ZjI2LTQyMDQtYjM0Mi00MWE1ZGM2OWIwNmYiLCJ0eXAiOiJCZWFyZXIiLCJhenAiOiIxMDAwMjA0OSIsImFjciI6IjEiLCJyZWFsbV9hY2Nlc3MiOnsicm9sZXMiOlsiZGVmYXVsdC1yb2xlcy1ib2ciLCJvZmZsaW5lX2FjY2VzcyIsInVtYV9hdXRob3JpemF0aW9uIl19LCJyZXNvdXJjZV9hY2Nlc3MiOnsiYWNjb3VudCI6eyJyb2xlcyI6WyJtYW5hZ2UtYWNjb3VudCIsIm1hbmFnZS1hY2NvdW50LWxpbmtzIiwidmlldy1wcm9maWxlIl19fSwic2NvcGUiOiJlbWFpbCBwcm9maWxlIiwiY2xpZW50SG9zdCI6IjQ1LjEzOC40NC4yMjkiLCJjbGllbnRJZCI6IjEwMDAyMDQ5IiwiZW1haWxfdmVyaWZpZWQiOmZhbHNlLCJwcmVmZXJyZWRfdXNlcm5hbWUiOiJzZXJ2aWNlLWFjY291bnQtMTAwMDIwNDkiLCJjbGllbnRBZGRyZXNzIjoiNDUuMTM4LjQ0LjIyOSJ9.rhsQwiGfLte_-JU24V8Ew-f7Dswk1GzkUf_OgcYvXxD8mbbvXC_G6ppdJXphI9AkC_FXPk4R_BKr1UwaWqPLkgdBx5t1UV5Bb4ShryUeWM649jQH92KSeoz9R0ptdKcQ-ftYYRtjNQmfhGlxvCrpaEqK4nLxaNGij1C-A8oVR5jhOzB0YRs7dcLX7WasRs5j2qy9lGQH6M258Uo1yiP14YIVW1f4E3wY0Qbbao-5mokV4vRObTS4JhRN-doVfLGUz4h_IYiYZwZVrqH9RY52d1a_avi1QSf0pC3bc1kycyGOGa2YuHiXWfIWUdZ6RNM65uYVYzI8v9KRrVYtjy68WQ","expires_in":300,"refresh_expires_in":0,"token_type":"Bearer","not-before-policy":0,"scope":"email profile"}
--------------------------------------------------
[2026-01-29 10:06:12] API REQ [GET]
{
    "url": "https://api.bog.ge/payments/v1/receipt/1dcc2586-d058-4960-b79f-05af28e90851",
    "payload": []
}
--------------------------------------------------
[2026-01-29 10:06:12] API RES [200]
{"order_id":"1dcc2586-d058-4960-b79f-05af28e90851","external_order_id":"pay-36-1769666672","client":{"id":"10002049","brand_ka":"პაატა ჟორჟოლიანი","brand_en":"Paata Zhorzholiani","url":"https://www.drpaata.ge"},"create_date":"2026-01-29T10:04:32.765368","zoned_create_date":"2026-01-29T06:04:32.765368Z","expire_date":"2026-01-29T10:19:32.765368","zoned_expire_date":"2026-01-29T06:19:32.765368Z","order_status":{"key":"completed","value":"Performed"},"buyer":null,"redirect_links":{"success":"https://drpaata.ge/?ok_action=bog_result&oid=pay-36-1769666672","fail":"https://drpaata.ge/?ok_action=bog_result&oid=pay-36-1769666672"},"payment_detail":{"transfer_method":{"key":"card","value":"Card Payment"},"transaction_id":"602910470678","payer_identifier":"548888***5783","payment_option":"direct_debit","card_type":"mc","card_expiry_date":"08/29","request_account_tag":null,"transfer_account_tag":null,"saved_card_type":null,"parent_order_id":null,"code":"100","code_description":"Successful payment","pg_trx_id":"M3LKAIG7ASAZKUTH","auth_code":"449753"},"actions":null,"disputes":null,"split":null,"discount":null,"lang":"ka","reject_reason":null,"industry":"ecommerce","capture":"automatic","purchase_units":{"request_amount":"1.0","transfer_amount":"1.0","refund_amount":null,"currency_code":"GEL","items":[{"external_item_id":"Purchase","unit_price":"1.0","description":null,"quantity":"1","unit_discount_price":"0.0","package_code":null,"total_price":null,"vat":null,"vat_percent":null,"tin":null,"pinfl":null,"product_discount_id":null}]}}
--------------------------------------------------
[2026-01-29 10:06:12] API REQ [POST]
{
    "url": "https://oauth2.bog.ge/auth/realms/bog/protocol/openid-connect/token",
    "payload": "grant_type=client_credentials"
}
--------------------------------------------------
[2026-01-29 10:06:12] API RES [200]
{"access_token":"eyJhbGciOiJSUzI1NiIsInR5cCIgOiAiSldUIiwia2lkIiA6ICJqbFZjbGpJRnM0YnpJX1dSTDlFSmdIRjJ1YUV1Q0pLU2QzNnNoT0pvZVFjIn0.eyJleHAiOjE3Njk2NjcwNzIsImlhdCI6MTc2OTY2Njc3MiwianRpIjoiMWMzZDk5Y2MtZDdmYi00ZjYwLWE3ZjEtNmE2ZDA5NzI2MTY2IiwiaXNzIjoiaHR0cHM6Ly9vYXV0aDIuYm9nLmdlL2F1dGgvcmVhbG1zL2JvZyIsImF1ZCI6ImFjY291bnQiLCJzdWIiOiI2M2E3NGNjNS04ZjI2LTQyMDQtYjM0Mi00MWE1ZGM2OWIwNmYiLCJ0eXAiOiJCZWFyZXIiLCJhenAiOiIxMDAwMjA0OSIsImFjciI6IjEiLCJyZWFsbV9hY2Nlc3MiOnsicm9sZXMiOlsiZGVmYXVsdC1yb2xlcy1ib2ciLCJvZmZsaW5lX2FjY2VzcyIsInVtYV9hdXRob3JpemF0aW9uIl19LCJyZXNvdXJjZV9hY2Nlc3MiOnsiYWNjb3VudCI6eyJyb2xlcyI6WyJtYW5hZ2UtYWNjb3VudCIsIm1hbmFnZS1hY2NvdW50LWxpbmtzIiwidmlldy1wcm9maWxlIl19fSwic2NvcGUiOiJlbWFpbCBwcm9maWxlIiwiY2xpZW50SG9zdCI6IjQ1LjEzOC40NC4yMjkiLCJjbGllbnRJZCI6IjEwMDAyMDQ5IiwiZW1haWxfdmVyaWZpZWQiOmZhbHNlLCJwcmVmZXJyZWRfdXNlcm5hbWUiOiJzZXJ2aWNlLWFjY291bnQtMTAwMDIwNDkiLCJjbGllbnRBZGRyZXNzIjoiNDUuMTM4LjQ0LjIyOSJ9.VMWZT83Iz_CALtIvTckBtaeyDmOpM26UuUf0FM7iMgMoASKjvMfhM15uhmIZxi2oojQWSvJtQyIV1isvD2WuoC7SDMjty-IWtH7xb0hhqmGQL14VXrbyu7X0HBSSh9Hin9uZkLpczF4OFRBli_9Qwfq40n-DfWenUbVu5TZI6HUKRtacxmkRpn1AyyHXwn__UDH_fkDSlacE61GJA1P_gnguY3e3YtuvafP16-rFtdYzZO5W1g2tXbXU309vR8KiHf8K4hXSzYbsAYSAOmU_e_0vFt5IPj_NEYvFXUbqolEEA4CRYqIp7ZbDRp88d7MmC6WNZ02fpIP9DmGL-ruqyQ","expires_in":300,"refresh_expires_in":0,"token_type":"Bearer","not-before-policy":0,"scope":"email profile"}
--------------------------------------------------
[2026-01-29 10:06:12] API REQ [GET]
{
    "url": "https://api.bog.ge/payments/v1/receipt/1dcc2586-d058-4960-b79f-05af28e90851",
    "payload": []
}
--------------------------------------------------
[2026-01-29 10:06:12] API RES [200]
{"order_id":"1dcc2586-d058-4960-b79f-05af28e90851","external_order_id":"pay-36-1769666672","client":{"id":"10002049","brand_ka":"პაატა ჟორჟოლიანი","brand_en":"Paata Zhorzholiani","url":"https://www.drpaata.ge"},"create_date":"2026-01-29T10:04:32.765368","zoned_create_date":"2026-01-29T06:04:32.765368Z","expire_date":"2026-01-29T10:19:32.765368","zoned_expire_date":"2026-01-29T06:19:32.765368Z","order_status":{"key":"completed","value":"Performed"},"buyer":null,"redirect_links":{"success":"https://drpaata.ge/?ok_action=bog_result&oid=pay-36-1769666672","fail":"https://drpaata.ge/?ok_action=bog_result&oid=pay-36-1769666672"},"payment_detail":{"transfer_method":{"key":"card","value":"Card Payment"},"transaction_id":"602910470678","payer_identifier":"548888***5783","payment_option":"direct_debit","card_type":"mc","card_expiry_date":"08/29","request_account_tag":null,"transfer_account_tag":null,"saved_card_type":null,"parent_order_id":null,"code":"100","code_description":"Successful payment","pg_trx_id":"M3LKAIG7ASAZKUTH","auth_code":"449753"},"actions":null,"disputes":null,"split":null,"discount":null,"lang":"ka","reject_reason":null,"industry":"ecommerce","capture":"automatic","purchase_units":{"request_amount":"1.0","transfer_amount":"1.0","refund_amount":null,"currency_code":"GEL","items":[{"external_item_id":"Purchase","unit_price":"1.0","description":null,"quantity":"1","unit_discount_price":"0.0","package_code":null,"total_price":null,"vat":null,"vat_percent":null,"tin":null,"pinfl":null,"product_discount_id":null}]}}
--------------------------------------------------
[2026-01-29 10:26:51] API REQ [POST]
{
    "url": "https://oauth2-sandbox.bog.ge/auth/realms/bog/protocol/openid-connect/token",
    "payload": "grant_type=client_credentials"
}
--------------------------------------------------
[2026-01-29 10:26:51] API RES [200]
{"access_token":"eyJhbGciOiJSUzI1NiIsInR5cCIgOiAiSldUIiwia2lkIiA6ICJseVBrZVJpNjJlV3BDY3JZalV4ZTVPLWlWVU1VcV9TUHhZZENubGxFZHJZIn0.eyJleHAiOjE3Njk2NjgzMTEsImlhdCI6MTc2OTY2ODAxMSwianRpIjoiNjUwNDM0ZjMtZjA0YS00M2RiLWE3Y2MtYmU2ZDZjZjAxOWE4IiwiaXNzIjoiaHR0cHM6Ly9vYXV0aDItc2FuZGJveC5ib2cuZ2UvYXV0aC9yZWFsbXMvYm9nIiwiYXVkIjoiYWNjb3VudCIsInN1YiI6IjEyNjFiZTIxLTJhZTItNDFiOC1iODllLTE5NzU2YTdhYTY5MyIsInR5cCI6IkJlYXJlciIsImF6cCI6IjEwMDAwMDgzIiwiYWNyIjoiMSIsInJlYWxtX2FjY2VzcyI6eyJyb2xlcyI6WyJkZWZhdWx0LXJvbGVzLWJvZyIsIm9mZmxpbmVfYWNjZXNzIiwidW1hX2F1dGhvcml6YXRpb24iXX0sInJlc291cmNlX2FjY2VzcyI6eyJhY2NvdW50Ijp7InJvbGVzIjpbIm1hbmFnZS1hY2NvdW50IiwibWFuYWdlLWFjY291bnQtbGlua3MiLCJ2aWV3LXByb2ZpbGUiXX19LCJzY29wZSI6InByb2ZpbGUgZW1haWwiLCJlbWFpbF92ZXJpZmllZCI6ZmFsc2UsImNsaWVudElkIjoiMTAwMDAwODMiLCJjbGllbnRIb3N0IjoiMTAuNDUuNDguNjAiLCJwcmVmZXJyZWRfdXNlcm5hbWUiOiJzZXJ2aWNlLWFjY291bnQtMTAwMDAwODMiLCJjbGllbnRBZGRyZXNzIjoiMTAuNDUuNDguNjAifQ.LycOAp7Xz-IdD51OPMGe7gB-xuUusU9s4Ump2x7CLrYReWO_0B4RGT-pviktwo0oIiC4J01RzBFuc1Jyxt9CTQFmNfF5mrSpd5wtZDCAae2UanQRdiWRl3cXh-Cq0BmGbibDKLIcJzVVZ4OCNB1e8aEae1Y877oFJZEO0NAA0vPWUSgbny-7qdmGWUYUVnd1n6dg1HiPnHXQMgzISLvyV-8J-aqIRyZq0KdUvs6uvBoQvX_P9lLLW4ytFVc254Olc4KESKGBq4ssihwOoJQljnobSoW3vFiLOd5YS6gNk46QXjSPPFK-bvr_GCN0J8TT93iOPtzWEdwgICjzD8jiAg","expires_in":300,"refresh_expires_in":0,"token_type":"Bearer","not-before-policy":0,"scope":"profile email"}
--------------------------------------------------
[2026-01-29 10:26:51] API REQ [POST]
{
    "url": "https://api-sandbox.bog.ge/payments/v1/ecommerce/orders",
    "payload": {
        "callback_url": "https://drpaata.ge/?ok_action=bog_callback",
        "external_order_id": "pay-37-1769668010",
        "capture_method": "AUTOMATIC",
        "purchase_units": {
            "currency": "GEL",
            "total_amount": 50,
            "basket": [
                {
                    "quantity": 1,
                    "unit_price": 50,
                    "product_id": "Test Product"
                }
            ]
        },
        "redirect_urls": {
            "fail": "https://drpaata.ge/?ok_action=bog_result&oid=pay-37-1769668010",
            "success": "https://drpaata.ge/?ok_action=bog_result&oid=pay-37-1769668010"
        }
    }
}
--------------------------------------------------
[2026-01-29 10:26:51] API RES [201]
{"id":"fb99d711-220b-48ff-8c7f-d13ba40fa241","_links":{"details":{"href":"https://api-sandbox.bog.ge/payments/v1/receipt/fb99d711-220b-48ff-8c7f-d13ba40fa241"},"redirect":{"href":"https://payment-sandbox.bog.ge?order_id=fb99d711-220b-48ff-8c7f-d13ba40fa241"}}}
--------------------------------------------------
[2026-01-29 10:27:14] API REQ [POST]
{
    "url": "https://oauth2-sandbox.bog.ge/auth/realms/bog/protocol/openid-connect/token",
    "payload": "grant_type=client_credentials"
}
--------------------------------------------------
[2026-01-29 10:27:14] API RES [200]
{"access_token":"eyJhbGciOiJSUzI1NiIsInR5cCIgOiAiSldUIiwia2lkIiA6ICJseVBrZVJpNjJlV3BDY3JZalV4ZTVPLWlWVU1VcV9TUHhZZENubGxFZHJZIn0.eyJleHAiOjE3Njk2NjgzMzQsImlhdCI6MTc2OTY2ODAzNCwianRpIjoiYjM5MjY4ZWItZWQxMi00NDZlLTg3NDktNjkyMmEzM2NkOTNmIiwiaXNzIjoiaHR0cHM6Ly9vYXV0aDItc2FuZGJveC5ib2cuZ2UvYXV0aC9yZWFsbXMvYm9nIiwiYXVkIjoiYWNjb3VudCIsInN1YiI6IjEyNjFiZTIxLTJhZTItNDFiOC1iODllLTE5NzU2YTdhYTY5MyIsInR5cCI6IkJlYXJlciIsImF6cCI6IjEwMDAwMDgzIiwiYWNyIjoiMSIsInJlYWxtX2FjY2VzcyI6eyJyb2xlcyI6WyJkZWZhdWx0LXJvbGVzLWJvZyIsIm9mZmxpbmVfYWNjZXNzIiwidW1hX2F1dGhvcml6YXRpb24iXX0sInJlc291cmNlX2FjY2VzcyI6eyJhY2NvdW50Ijp7InJvbGVzIjpbIm1hbmFnZS1hY2NvdW50IiwibWFuYWdlLWFjY291bnQtbGlua3MiLCJ2aWV3LXByb2ZpbGUiXX19LCJzY29wZSI6InByb2ZpbGUgZW1haWwiLCJlbWFpbF92ZXJpZmllZCI6ZmFsc2UsImNsaWVudElkIjoiMTAwMDAwODMiLCJjbGllbnRIb3N0IjoiMTAuNDUuNDguNjAiLCJwcmVmZXJyZWRfdXNlcm5hbWUiOiJzZXJ2aWNlLWFjY291bnQtMTAwMDAwODMiLCJjbGllbnRBZGRyZXNzIjoiMTAuNDUuNDguNjAifQ.R3jevvq21pWRSbKhP371HJYsOKYyi7dzyW74iuFZ5V93nO4ngrrTOwEfRpZFR-p2TVlMtWS6pTf_PSo8qWsuOOhughHCltD8Ue_JEW5nrErKwDUysElSxI9wD1sW1QA1zDAXCtPd4MZULnzK3tRnw9DOYQWJH49Rsj9H-D6Ri4bZfx1OQdfpjGtrG0NAI4K7jl2RvJVAXk-ADAmPqYNgXIPmbruxQEVlWEcsypbDvUdoLPtZAaCRAwH8fmruWfeiaTWiPm2jYGCRx92F8dzAI2IGaBcXJnjidBE3aI3w8D_uj_a9jqCA6UsfI3Cw430kLevEu48PIBj7__iDR5vYFQ","expires_in":300,"refresh_expires_in":0,"token_type":"Bearer","not-before-policy":0,"scope":"profile email"}
--------------------------------------------------
[2026-01-29 10:27:14] API REQ [GET]
{
    "url": "https://api-sandbox.bog.ge/payments/v1/receipt/fb99d711-220b-48ff-8c7f-d13ba40fa241",
    "payload": []
}
--------------------------------------------------
[2026-01-29 10:27:14] API RES [200]
{"order_id":"fb99d711-220b-48ff-8c7f-d13ba40fa241","external_order_id":"pay-37-1769668010","client":{"id":"10000083","brand_ka":"დრპაატატესტ","brand_en":"Drpaatatest","url":"https://www.drpaata.ge"},"create_date":"2026-01-29T10:26:51.403403","zoned_create_date":"2026-01-29T06:26:51.403403Z","expire_date":"2026-01-29T10:41:51.403403","zoned_expire_date":"2026-01-29T06:41:51.403403Z","order_status":{"key":"processing","value":"Processing"},"buyer":null,"redirect_links":{"success":"https://drpaata.ge/?ok_action=bog_result&oid=pay-37-1769668010","fail":"https://drpaata.ge/?ok_action=bog_result&oid=pay-37-1769668010"},"payment_detail":{"transfer_method":{"key":"card","value":"Card Payment"},"transaction_id":null,"payer_identifier":null,"payment_option":"direct_debit","card_type":"visa","card_expiry_date":"12/30","request_account_tag":null,"transfer_account_tag":null,"saved_card_type":null,"parent_order_id":null,"code":"100","code_description":"Successful payment","pg_trx_id":"WBGB5L1EKJM0DTNM","auth_code":"929150"},"actions":null,"disputes":null,"split":null,"discount":null,"lang":"ka","reject_reason":null,"industry":"ecommerce","capture":"automatic","purchase_units":{"request_amount":"50.0","transfer_amount":null,"refund_amount":null,"currency_code":"GEL","items":[{"external_item_id":"Test Product","unit_price":"50.0","description":null,"quantity":"1","unit_discount_price":"0.0","package_code":null,"total_price":null,"vat":null,"vat_percent":null,"tin":null,"pinfl":null,"product_discount_id":null}]}}
--------------------------------------------------
[2026-01-29 10:35:10] API REQ [POST]
{
    "url": "https://oauth2-sandbox.bog.ge/auth/realms/bog/protocol/openid-connect/token",
    "payload": "grant_type=client_credentials"
}
--------------------------------------------------
[2026-01-29 10:35:10] API RES [200]
{"access_token":"eyJhbGciOiJSUzI1NiIsInR5cCIgOiAiSldUIiwia2lkIiA6ICJseVBrZVJpNjJlV3BDY3JZalV4ZTVPLWlWVU1VcV9TUHhZZENubGxFZHJZIn0.eyJleHAiOjE3Njk2Njg4MTAsImlhdCI6MTc2OTY2ODUxMCwianRpIjoiOTJiODllN2EtMWU2My00ZTU3LWJiYTItYjMzYjFlNWE1OTVkIiwiaXNzIjoiaHR0cHM6Ly9vYXV0aDItc2FuZGJveC5ib2cuZ2UvYXV0aC9yZWFsbXMvYm9nIiwiYXVkIjoiYWNjb3VudCIsInN1YiI6IjEyNjFiZTIxLTJhZTItNDFiOC1iODllLTE5NzU2YTdhYTY5MyIsInR5cCI6IkJlYXJlciIsImF6cCI6IjEwMDAwMDgzIiwiYWNyIjoiMSIsInJlYWxtX2FjY2VzcyI6eyJyb2xlcyI6WyJkZWZhdWx0LXJvbGVzLWJvZyIsIm9mZmxpbmVfYWNjZXNzIiwidW1hX2F1dGhvcml6YXRpb24iXX0sInJlc291cmNlX2FjY2VzcyI6eyJhY2NvdW50Ijp7InJvbGVzIjpbIm1hbmFnZS1hY2NvdW50IiwibWFuYWdlLWFjY291bnQtbGlua3MiLCJ2aWV3LXByb2ZpbGUiXX19LCJzY29wZSI6InByb2ZpbGUgZW1haWwiLCJlbWFpbF92ZXJpZmllZCI6ZmFsc2UsImNsaWVudElkIjoiMTAwMDAwODMiLCJjbGllbnRIb3N0IjoiMTAuNDUuNDguNjAiLCJwcmVmZXJyZWRfdXNlcm5hbWUiOiJzZXJ2aWNlLWFjY291bnQtMTAwMDAwODMiLCJjbGllbnRBZGRyZXNzIjoiMTAuNDUuNDguNjAifQ.mMU7pVhwmcddssyufqZymixmHT5ZBxgdDGk07ud6lwXzbCn2t3PqkFpPuFmRl1HKzV5d_I4oexhGjKauT0ctjuw1rlgsRm7y-21lImlwyfDVWEKVewh3ndv66z5VQHQCyzCFYQllTgLJ3qUeSUl9hWkKX2WN_h29n5U4jdn9JSLTeOZRp8Bon-OjGYHLB3RcNx2EPI9RsnIOERoRgXVSblDorYn9NHwi2p-FlrF_1Tm8wLB3nDRgzOQ7s-7N-xHXWHTeeYP9LPhH5KjXQgYaMps0kzK33m04TUUdRoS6qXA1xx1dW_crBc7OpwyzoAog-Ej_R3-Cru3YpbzGIaVC8A","expires_in":300,"refresh_expires_in":0,"token_type":"Bearer","not-before-policy":0,"scope":"profile email"}
--------------------------------------------------
[2026-01-29 10:35:10] API REQ [POST]
{
    "url": "https://api-sandbox.bog.ge/payments/v1/ecommerce/orders",
    "payload": {
        "callback_url": "https://drpaata.ge/?ok_action=bog_callback",
        "external_order_id": "pay-38-1769668510",
        "capture_method": "AUTOMATIC",
        "purchase_units": {
            "currency": "GEL",
            "total_amount": 50,
            "basket": [
                {
                    "quantity": 1,
                    "unit_price": 50,
                    "product_id": "Test Product"
                }
            ]
        },
        "redirect_urls": {
            "fail": "https://drpaata.ge/?ok_action=bog_result&oid=pay-38-1769668510",
            "success": "https://drpaata.ge/?ok_action=bog_result&oid=pay-38-1769668510"
        }
    }
}
--------------------------------------------------
[2026-01-29 10:35:11] API RES [201]
{"id":"fc36ccbc-22a9-43cc-bca4-123072428f9f","_links":{"details":{"href":"https://api-sandbox.bog.ge/payments/v1/receipt/fc36ccbc-22a9-43cc-bca4-123072428f9f"},"redirect":{"href":"https://payment-sandbox.bog.ge?order_id=fc36ccbc-22a9-43cc-bca4-123072428f9f"}}}
--------------------------------------------------
[2026-01-29 10:35:30] API REQ [POST]
{
    "url": "https://oauth2-sandbox.bog.ge/auth/realms/bog/protocol/openid-connect/token",
    "payload": "grant_type=client_credentials"
}
--------------------------------------------------
[2026-01-29 10:35:30] API RES [200]
{"access_token":"eyJhbGciOiJSUzI1NiIsInR5cCIgOiAiSldUIiwia2lkIiA6ICJseVBrZVJpNjJlV3BDY3JZalV4ZTVPLWlWVU1VcV9TUHhZZENubGxFZHJZIn0.eyJleHAiOjE3Njk2Njg4MzAsImlhdCI6MTc2OTY2ODUzMCwianRpIjoiNTdjYzE3MWUtNmZlNC00MWY0LWJiMTctZWZhMTYzYzRkNmE1IiwiaXNzIjoiaHR0cHM6Ly9vYXV0aDItc2FuZGJveC5ib2cuZ2UvYXV0aC9yZWFsbXMvYm9nIiwiYXVkIjoiYWNjb3VudCIsInN1YiI6IjEyNjFiZTIxLTJhZTItNDFiOC1iODllLTE5NzU2YTdhYTY5MyIsInR5cCI6IkJlYXJlciIsImF6cCI6IjEwMDAwMDgzIiwiYWNyIjoiMSIsInJlYWxtX2FjY2VzcyI6eyJyb2xlcyI6WyJkZWZhdWx0LXJvbGVzLWJvZyIsIm9mZmxpbmVfYWNjZXNzIiwidW1hX2F1dGhvcml6YXRpb24iXX0sInJlc291cmNlX2FjY2VzcyI6eyJhY2NvdW50Ijp7InJvbGVzIjpbIm1hbmFnZS1hY2NvdW50IiwibWFuYWdlLWFjY291bnQtbGlua3MiLCJ2aWV3LXByb2ZpbGUiXX19LCJzY29wZSI6InByb2ZpbGUgZW1haWwiLCJlbWFpbF92ZXJpZmllZCI6ZmFsc2UsImNsaWVudElkIjoiMTAwMDAwODMiLCJjbGllbnRIb3N0IjoiMTAuNDUuNDguNjAiLCJwcmVmZXJyZWRfdXNlcm5hbWUiOiJzZXJ2aWNlLWFjY291bnQtMTAwMDAwODMiLCJjbGllbnRBZGRyZXNzIjoiMTAuNDUuNDguNjAifQ.jzR33LHn_wqyA8BLu09uacPw3bO-U9UZFzpKK1-O1JZMjkyF1s58aKQI8rW2nxGjbqmkHBb5M2hxM7-2-tnzU2kw4SZsgK30JBMnFAst2HitEgwYA0l1L-nNEZJAdVxEIZXO1hMDl-XGj4o-zOmJQH7pgEH-Jr9lYkKo9PTn7H11oXsfJoqvl18WDx_-xwQft43m7MW1HyPxyrlyCN3PUmK-koUjnV2ut8Bnu2fcXH_ugdigCeq95QRRNmxlaGX8dAv73Szg8veyWMB-ZG2f-S34izchz3QlTDUDKLnGvbcupubpWaT2X8_7Lb54wByC599ZBwx2wspSjReSFkgKYA","expires_in":300,"refresh_expires_in":0,"token_type":"Bearer","not-before-policy":0,"scope":"profile email"}
--------------------------------------------------
[2026-01-29 10:35:30] API REQ [GET]
{
    "url": "https://api-sandbox.bog.ge/payments/v1/receipt/fc36ccbc-22a9-43cc-bca4-123072428f9f",
    "payload": []
}
--------------------------------------------------
[2026-01-29 10:35:30] API RES [200]
{"order_id":"fc36ccbc-22a9-43cc-bca4-123072428f9f","external_order_id":"pay-38-1769668510","client":{"id":"10000083","brand_ka":"დრპაატატესტ","brand_en":"Drpaatatest","url":"https://www.drpaata.ge"},"create_date":"2026-01-29T10:35:11.062463","zoned_create_date":"2026-01-29T06:35:11.062463Z","expire_date":"2026-01-29T10:50:11.062463","zoned_expire_date":"2026-01-29T06:50:11.062463Z","order_status":{"key":"processing","value":"Processing"},"buyer":null,"redirect_links":{"success":"https://drpaata.ge/?ok_action=bog_result&oid=pay-38-1769668510","fail":"https://drpaata.ge/?ok_action=bog_result&oid=pay-38-1769668510"},"payment_detail":{"transfer_method":{"key":"card","value":"Card Payment"},"transaction_id":null,"payer_identifier":null,"payment_option":"direct_debit","card_type":"visa","card_expiry_date":"12/30","request_account_tag":null,"transfer_account_tag":null,"saved_card_type":null,"parent_order_id":null,"code":"100","code_description":"Successful payment","pg_trx_id":"WJC7YT6TQHYOQJWV","auth_code":"534064"},"actions":null,"disputes":null,"split":null,"discount":null,"lang":"ka","reject_reason":null,"industry":"ecommerce","capture":"automatic","purchase_units":{"request_amount":"50.0","transfer_amount":null,"refund_amount":null,"currency_code":"GEL","items":[{"external_item_id":"Test Product","unit_price":"50.0","description":null,"quantity":"1","unit_discount_price":"0.0","package_code":null,"total_price":null,"vat":null,"vat_percent":null,"tin":null,"pinfl":null,"product_discount_id":null}]}}
--------------------------------------------------
[2026-01-29 10:39:34] API REQ [POST]
{
    "url": "https://oauth2-sandbox.bog.ge/auth/realms/bog/protocol/openid-connect/token",
    "payload": "grant_type=client_credentials"
}
--------------------------------------------------
[2026-01-29 10:39:34] API RES [200]
{"access_token":"eyJhbGciOiJSUzI1NiIsInR5cCIgOiAiSldUIiwia2lkIiA6ICJseVBrZVJpNjJlV3BDY3JZalV4ZTVPLWlWVU1VcV9TUHhZZENubGxFZHJZIn0.eyJleHAiOjE3Njk2NjkwNzQsImlhdCI6MTc2OTY2ODc3NCwianRpIjoiNmVmZTU3YWQtZTlhYy00MDhkLTg5ZmUtY2IzNDY2ZTViMmYwIiwiaXNzIjoiaHR0cHM6Ly9vYXV0aDItc2FuZGJveC5ib2cuZ2UvYXV0aC9yZWFsbXMvYm9nIiwiYXVkIjoiYWNjb3VudCIsInN1YiI6IjEyNjFiZTIxLTJhZTItNDFiOC1iODllLTE5NzU2YTdhYTY5MyIsInR5cCI6IkJlYXJlciIsImF6cCI6IjEwMDAwMDgzIiwiYWNyIjoiMSIsInJlYWxtX2FjY2VzcyI6eyJyb2xlcyI6WyJkZWZhdWx0LXJvbGVzLWJvZyIsIm9mZmxpbmVfYWNjZXNzIiwidW1hX2F1dGhvcml6YXRpb24iXX0sInJlc291cmNlX2FjY2VzcyI6eyJhY2NvdW50Ijp7InJvbGVzIjpbIm1hbmFnZS1hY2NvdW50IiwibWFuYWdlLWFjY291bnQtbGlua3MiLCJ2aWV3LXByb2ZpbGUiXX19LCJzY29wZSI6InByb2ZpbGUgZW1haWwiLCJlbWFpbF92ZXJpZmllZCI6ZmFsc2UsImNsaWVudElkIjoiMTAwMDAwODMiLCJjbGllbnRIb3N0IjoiMTAuNDUuNDguNjAiLCJwcmVmZXJyZWRfdXNlcm5hbWUiOiJzZXJ2aWNlLWFjY291bnQtMTAwMDAwODMiLCJjbGllbnRBZGRyZXNzIjoiMTAuNDUuNDguNjAifQ.aWJsvndAKRspMhStGf1TDnHDPa-Ul_sKV8jOlLe2k7bY5XWgmButVpZw-gZx0HDpudbYssghxQZ_ZOcGEGSKGJ4xqwybXiIeSPIQxk7WuT7ShIBu55G86z-b9s9alfWnNybFk78fjuB2mCy_IRuDsHbivqWdu-eV2cUfvvrMWBkYGJHoeNgjFs2eEELSm-0JdCWzbHXhb84_nwy-eVo8Exv2J1kbm2UKd3NqPne1avJ-_loWgEEiP1UEfrGeIz8aIEqqPNqAnpdEMfX6yjcLd2Dnu9PE2nhzZe6yYB3EaumzKjh6wC2WtzwbCxlHmQNcK4qTMVxw7gQ5_ck_8jorCQ","expires_in":300,"refresh_expires_in":0,"token_type":"Bearer","not-before-policy":0,"scope":"profile email"}
--------------------------------------------------
[2026-01-29 10:39:34] API REQ [GET]
{
    "url": "https://api-sandbox.bog.ge/payments/v1/receipt/7b9b54b1-c53f-4c95-9359-be062e00b6cc",
    "payload": []
}
--------------------------------------------------
[2026-01-29 10:39:35] API RES [200]
{"order_id":"7b9b54b1-c53f-4c95-9359-be062e00b6cc","external_order_id":"pay-35-1769638183","client":{"id":"10000083","brand_ka":"დრპაატატესტ","brand_en":"Drpaatatest","url":"https://www.drpaata.ge"},"create_date":"2026-01-29T02:09:43.239085","zoned_create_date":"2026-01-28T22:09:43.239085Z","expire_date":"2026-01-29T02:24:43.239085","zoned_expire_date":"2026-01-28T22:24:43.239085Z","order_status":{"key":"processing","value":"Processing"},"buyer":null,"redirect_links":{"success":"https://drpaata.ge/?ok_action=bog_result&oid=pay-35-1769638183","fail":"https://drpaata.ge/?ok_action=bog_result&oid=pay-35-1769638183"},"payment_detail":{"transfer_method":{"key":"card","value":"Card Payment"},"transaction_id":null,"payer_identifier":null,"payment_option":"direct_debit","card_type":"visa","card_expiry_date":null,"request_account_tag":null,"transfer_account_tag":null,"saved_card_type":null,"parent_order_id":null,"code":"107","code_description":"Payment declined due to insufficient funds in the account","pg_trx_id":"DOV3XOFWQYU4CSI1","auth_code":null},"actions":null,"disputes":null,"split":null,"discount":null,"lang":"ka","reject_reason":null,"industry":"ecommerce","capture":"automatic","purchase_units":{"request_amount":"50.0","transfer_amount":null,"refund_amount":null,"currency_code":"GEL","items":[{"external_item_id":"Test Product","unit_price":"50.0","description":null,"quantity":"1","unit_discount_price":"0.0","package_code":null,"total_price":null,"vat":null,"vat_percent":null,"tin":null,"pinfl":null,"product_discount_id":null}]}}
--------------------------------------------------
[2026-01-29 11:31:01] API REQ [POST]
{
    "url": "https://oauth2-sandbox.bog.ge/auth/realms/bog/protocol/openid-connect/token",
    "payload": "grant_type=client_credentials"
}
--------------------------------------------------
[2026-01-29 11:31:01] API RES [200]
{"access_token":"eyJhbGciOiJSUzI1NiIsInR5cCIgOiAiSldUIiwia2lkIiA6ICJseVBrZVJpNjJlV3BDY3JZalV4ZTVPLWlWVU1VcV9TUHhZZENubGxFZHJZIn0.eyJleHAiOjE3Njk2NzIxNjEsImlhdCI6MTc2OTY3MTg2MSwianRpIjoiNDI3ODc3Y2YtMTg4OS00M2ZmLWJkNGEtMGQ0YWNlYTZiYjQyIiwiaXNzIjoiaHR0cHM6Ly9vYXV0aDItc2FuZGJveC5ib2cuZ2UvYXV0aC9yZWFsbXMvYm9nIiwiYXVkIjoiYWNjb3VudCIsInN1YiI6IjEyNjFiZTIxLTJhZTItNDFiOC1iODllLTE5NzU2YTdhYTY5MyIsInR5cCI6IkJlYXJlciIsImF6cCI6IjEwMDAwMDgzIiwiYWNyIjoiMSIsInJlYWxtX2FjY2VzcyI6eyJyb2xlcyI6WyJkZWZhdWx0LXJvbGVzLWJvZyIsIm9mZmxpbmVfYWNjZXNzIiwidW1hX2F1dGhvcml6YXRpb24iXX0sInJlc291cmNlX2FjY2VzcyI6eyJhY2NvdW50Ijp7InJvbGVzIjpbIm1hbmFnZS1hY2NvdW50IiwibWFuYWdlLWFjY291bnQtbGlua3MiLCJ2aWV3LXByb2ZpbGUiXX19LCJzY29wZSI6InByb2ZpbGUgZW1haWwiLCJlbWFpbF92ZXJpZmllZCI6ZmFsc2UsImNsaWVudElkIjoiMTAwMDAwODMiLCJjbGllbnRIb3N0IjoiMTAuNDUuNDguNjAiLCJwcmVmZXJyZWRfdXNlcm5hbWUiOiJzZXJ2aWNlLWFjY291bnQtMTAwMDAwODMiLCJjbGllbnRBZGRyZXNzIjoiMTAuNDUuNDguNjAifQ.Z3YmETDRhjAad2I97mxQNoCck8C8dC4mtiaL9r2KwURvsnavYvs6D7mvPwCkfrqUQ7ykj61kWGJ3L2OmZTKtCT8YZoI-g_LEAutLNPPuixtkzoto7VLlcB5dybQcc_n3eMZj-EOF8I5orsic0N_ibv9FaL5-TyJQiR6fAxxSWYcZP4BwZsWEluQDjlEc3Uixfn4aL5u49dGv2pkxSSR1gxX4a5odTbVQVeTYyqEuZVu1f32kS3ktuGxFcW7HX15wIRwub2919Ibm28hA2Yd9JXZcEA3XxO5L-gF2mW2jGJqZNgBHLRXxvfSeTBhGANGLQoQwh73u9sYKn8FYrYdBFA","expires_in":300,"refresh_expires_in":0,"token_type":"Bearer","not-before-policy":0,"scope":"profile email"}
--------------------------------------------------
[2026-01-29 11:31:01] API REQ [POST]
{
    "url": "https://api-sandbox.bog.ge/payments/v1/ecommerce/orders",
    "payload": {
        "callback_url": "https://drpaata.ge/?ok_action=bog_callback",
        "external_order_id": "pay-39-1769671861",
        "capture_method": "AUTOMATIC",
        "purchase_units": {
            "currency": "GEL",
            "total_amount": 50,
            "basket": [
                {
                    "quantity": 1,
                    "unit_price": 50,
                    "product_id": "Test Product"
                }
            ]
        },
        "redirect_urls": {
            "fail": "https://drpaata.ge/?ok_action=bog_result&oid=pay-39-1769671861",
            "success": "https://drpaata.ge/?ok_action=bog_result&oid=pay-39-1769671861"
        }
    }
}
--------------------------------------------------
[2026-01-29 11:31:01] API RES [201]
{"id":"77e6d554-31fa-4d94-a074-b02779ea2593","_links":{"details":{"href":"https://api-sandbox.bog.ge/payments/v1/receipt/77e6d554-31fa-4d94-a074-b02779ea2593"},"redirect":{"href":"https://payment-sandbox.bog.ge?order_id=77e6d554-31fa-4d94-a074-b02779ea2593"}}}
--------------------------------------------------
[2026-01-29 11:31:16] API REQ [POST]
{
    "url": "https://oauth2-sandbox.bog.ge/auth/realms/bog/protocol/openid-connect/token",
    "payload": "grant_type=client_credentials"
}
--------------------------------------------------
[2026-01-29 11:31:16] API RES [200]
{"access_token":"eyJhbGciOiJSUzI1NiIsInR5cCIgOiAiSldUIiwia2lkIiA6ICJseVBrZVJpNjJlV3BDY3JZalV4ZTVPLWlWVU1VcV9TUHhZZENubGxFZHJZIn0.eyJleHAiOjE3Njk2NzIxNzYsImlhdCI6MTc2OTY3MTg3NiwianRpIjoiNmZkYTJjOTYtOWQ1MS00YjlkLThlMmItZWVkNzZhZDRlYzJiIiwiaXNzIjoiaHR0cHM6Ly9vYXV0aDItc2FuZGJveC5ib2cuZ2UvYXV0aC9yZWFsbXMvYm9nIiwiYXVkIjoiYWNjb3VudCIsInN1YiI6IjEyNjFiZTIxLTJhZTItNDFiOC1iODllLTE5NzU2YTdhYTY5MyIsInR5cCI6IkJlYXJlciIsImF6cCI6IjEwMDAwMDgzIiwiYWNyIjoiMSIsInJlYWxtX2FjY2VzcyI6eyJyb2xlcyI6WyJkZWZhdWx0LXJvbGVzLWJvZyIsIm9mZmxpbmVfYWNjZXNzIiwidW1hX2F1dGhvcml6YXRpb24iXX0sInJlc291cmNlX2FjY2VzcyI6eyJhY2NvdW50Ijp7InJvbGVzIjpbIm1hbmFnZS1hY2NvdW50IiwibWFuYWdlLWFjY291bnQtbGlua3MiLCJ2aWV3LXByb2ZpbGUiXX19LCJzY29wZSI6InByb2ZpbGUgZW1haWwiLCJlbWFpbF92ZXJpZmllZCI6ZmFsc2UsImNsaWVudElkIjoiMTAwMDAwODMiLCJjbGllbnRIb3N0IjoiMTAuNDUuNDguNjAiLCJwcmVmZXJyZWRfdXNlcm5hbWUiOiJzZXJ2aWNlLWFjY291bnQtMTAwMDAwODMiLCJjbGllbnRBZGRyZXNzIjoiMTAuNDUuNDguNjAifQ.XuJyI9I1BsDjGKqWzDwtcZeQkgrsw97nxGMsoUhKEjcgqP0vD3OV035J2f7kLZDrgRsSojW2LmrzsGp89x3EOKd35TQ2GAdQV46wo-uB5Hg5AFPqBCqab1DzvtnStmDGCr96y60Kvq0ol3veBfoWfouK4Lvuejn04u7gnG6MxnUq2cv70H5aLQ_FKK8Rh714c7OjhOm3BfEXM0jwyc9o3ZmDtelz3WQP-q0kSlyEJQtqjm9uX_tw46NPuhTXzdpvvQUb0blgT-LPF7l-HVIhcxeMRoMt5TsEAPrXMT5FP4wckv84DJIHsRs-ZYaeL34EpPxmoxZ65JLYPj1qyb1zWw","expires_in":300,"refresh_expires_in":0,"token_type":"Bearer","not-before-policy":0,"scope":"profile email"}
--------------------------------------------------
[2026-01-29 11:31:16] API REQ [GET]
{
    "url": "https://api-sandbox.bog.ge/payments/v1/receipt/77e6d554-31fa-4d94-a074-b02779ea2593",
    "payload": []
}
--------------------------------------------------
[2026-01-29 11:31:16] API RES [200]
{"order_id":"77e6d554-31fa-4d94-a074-b02779ea2593","external_order_id":"pay-39-1769671861","client":{"id":"10000083","brand_ka":"დრპაატატესტ","brand_en":"Drpaatatest","url":"https://www.drpaata.ge"},"create_date":"2026-01-29T11:31:01.813115","zoned_create_date":"2026-01-29T07:31:01.813115Z","expire_date":"2026-01-29T11:46:01.813115","zoned_expire_date":"2026-01-29T07:46:01.813115Z","order_status":{"key":"processing","value":"Processing"},"buyer":null,"redirect_links":{"success":"https://drpaata.ge/?ok_action=bog_result&oid=pay-39-1769671861","fail":"https://drpaata.ge/?ok_action=bog_result&oid=pay-39-1769671861"},"payment_detail":{"transfer_method":{"key":"card","value":"Card Payment"},"transaction_id":null,"payer_identifier":null,"payment_option":"direct_debit","card_type":"visa","card_expiry_date":"12/30","request_account_tag":null,"transfer_account_tag":null,"saved_card_type":null,"parent_order_id":null,"code":"100","code_description":"Successful payment","pg_trx_id":"YLSW1J6MIPQB1FRV","auth_code":"344531"},"actions":null,"disputes":null,"split":null,"discount":null,"lang":"ka","reject_reason":null,"industry":"ecommerce","capture":"automatic","purchase_units":{"request_amount":"50.0","transfer_amount":null,"refund_amount":null,"currency_code":"GEL","items":[{"external_item_id":"Test Product","unit_price":"50.0","description":null,"quantity":"1","unit_discount_price":"0.0","package_code":null,"total_price":null,"vat":null,"vat_percent":null,"tin":null,"pinfl":null,"product_discount_id":null}]}}
--------------------------------------------------
[2026-01-29 11:34:45] API REQ [POST]
{
    "url": "https://oauth2-sandbox.bog.ge/auth/realms/bog/protocol/openid-connect/token",
    "payload": "grant_type=client_credentials"
}
--------------------------------------------------
[2026-01-29 11:34:45] API RES [200]
{"access_token":"eyJhbGciOiJSUzI1NiIsInR5cCIgOiAiSldUIiwia2lkIiA6ICJseVBrZVJpNjJlV3BDY3JZalV4ZTVPLWlWVU1VcV9TUHhZZENubGxFZHJZIn0.eyJleHAiOjE3Njk2NzIzODUsImlhdCI6MTc2OTY3MjA4NSwianRpIjoiZjQ5ODk0ZTgtMzU1Zi00YzNkLWE4ZjgtYmMzYTMwNDI2NTc1IiwiaXNzIjoiaHR0cHM6Ly9vYXV0aDItc2FuZGJveC5ib2cuZ2UvYXV0aC9yZWFsbXMvYm9nIiwiYXVkIjoiYWNjb3VudCIsInN1YiI6IjEyNjFiZTIxLTJhZTItNDFiOC1iODllLTE5NzU2YTdhYTY5MyIsInR5cCI6IkJlYXJlciIsImF6cCI6IjEwMDAwMDgzIiwiYWNyIjoiMSIsInJlYWxtX2FjY2VzcyI6eyJyb2xlcyI6WyJkZWZhdWx0LXJvbGVzLWJvZyIsIm9mZmxpbmVfYWNjZXNzIiwidW1hX2F1dGhvcml6YXRpb24iXX0sInJlc291cmNlX2FjY2VzcyI6eyJhY2NvdW50Ijp7InJvbGVzIjpbIm1hbmFnZS1hY2NvdW50IiwibWFuYWdlLWFjY291bnQtbGlua3MiLCJ2aWV3LXByb2ZpbGUiXX19LCJzY29wZSI6InByb2ZpbGUgZW1haWwiLCJlbWFpbF92ZXJpZmllZCI6ZmFsc2UsImNsaWVudElkIjoiMTAwMDAwODMiLCJjbGllbnRIb3N0IjoiMTAuNDUuNDguNjAiLCJwcmVmZXJyZWRfdXNlcm5hbWUiOiJzZXJ2aWNlLWFjY291bnQtMTAwMDAwODMiLCJjbGllbnRBZGRyZXNzIjoiMTAuNDUuNDguNjAifQ.aDt7o1JxK_4rr0QTdTLXTBmPnRhHwGOGLBqIWmV7bVezdg7f04q3A1xZYaejv3B4do1f_U1s73wGkoHWtrV-deIsVPb9kcXtsehDU2srEl1RClkpj1stmsikczHQj65GkE9eMcXjlIO0CrGnjw6dCYs6HqK8rqN6sg9xyfenQW0zoOOxxPFYOkiVR9u-SHjJruxw6cJoEjT5gWhWdw_F-V5LkoT006iCxjCAw_b-jxCV0EPMqIKDCzeVx6GpIavaAgj_y9eKb5zzE3BlOfSsVC2tktk_4uTE6B4OjS9NWvIoH7G94DIcKuYijIXq6rqyUT1HZTNKhp6Q7lRCsHQD3w","expires_in":300,"refresh_expires_in":0,"token_type":"Bearer","not-before-policy":0,"scope":"profile email"}
--------------------------------------------------
[2026-01-29 11:34:45] API REQ [POST]
{
    "url": "https://api-sandbox.bog.ge/payments/v1/ecommerce/orders",
    "payload": {
        "callback_url": "https://drpaata.ge/?ok_action=bog_callback",
        "external_order_id": "pay-40-1769672085",
        "capture_method": "AUTOMATIC",
        "purchase_units": {
            "currency": "GEL",
            "total_amount": 50,
            "basket": [
                {
                    "quantity": 1,
                    "unit_price": 50,
                    "product_id": "Test Product"
                }
            ]
        },
        "redirect_urls": {
            "fail": "https://drpaata.ge/?ok_action=bog_result&oid=pay-40-1769672085",
            "success": "https://drpaata.ge/?ok_action=bog_result&oid=pay-40-1769672085"
        }
    }
}
--------------------------------------------------
[2026-01-29 11:34:46] API RES [201]
{"id":"c71eb2ec-7cc4-4883-8294-d7e715cfcd2b","_links":{"details":{"href":"https://api-sandbox.bog.ge/payments/v1/receipt/c71eb2ec-7cc4-4883-8294-d7e715cfcd2b"},"redirect":{"href":"https://payment-sandbox.bog.ge?order_id=c71eb2ec-7cc4-4883-8294-d7e715cfcd2b"}}}
--------------------------------------------------
[2026-01-29 11:35:05] API REQ [POST]
{
    "url": "https://oauth2-sandbox.bog.ge/auth/realms/bog/protocol/openid-connect/token",
    "payload": "grant_type=client_credentials"
}
--------------------------------------------------
[2026-01-29 11:35:05] API RES [200]
{"access_token":"eyJhbGciOiJSUzI1NiIsInR5cCIgOiAiSldUIiwia2lkIiA6ICJseVBrZVJpNjJlV3BDY3JZalV4ZTVPLWlWVU1VcV9TUHhZZENubGxFZHJZIn0.eyJleHAiOjE3Njk2NzI0MDUsImlhdCI6MTc2OTY3MjEwNSwianRpIjoiZWI2Zjc4ODUtODFhOS00OTdmLTliMGItZDRkYTkzMDI4OTdmIiwiaXNzIjoiaHR0cHM6Ly9vYXV0aDItc2FuZGJveC5ib2cuZ2UvYXV0aC9yZWFsbXMvYm9nIiwiYXVkIjoiYWNjb3VudCIsInN1YiI6IjEyNjFiZTIxLTJhZTItNDFiOC1iODllLTE5NzU2YTdhYTY5MyIsInR5cCI6IkJlYXJlciIsImF6cCI6IjEwMDAwMDgzIiwiYWNyIjoiMSIsInJlYWxtX2FjY2VzcyI6eyJyb2xlcyI6WyJkZWZhdWx0LXJvbGVzLWJvZyIsIm9mZmxpbmVfYWNjZXNzIiwidW1hX2F1dGhvcml6YXRpb24iXX0sInJlc291cmNlX2FjY2VzcyI6eyJhY2NvdW50Ijp7InJvbGVzIjpbIm1hbmFnZS1hY2NvdW50IiwibWFuYWdlLWFjY291bnQtbGlua3MiLCJ2aWV3LXByb2ZpbGUiXX19LCJzY29wZSI6InByb2ZpbGUgZW1haWwiLCJlbWFpbF92ZXJpZmllZCI6ZmFsc2UsImNsaWVudElkIjoiMTAwMDAwODMiLCJjbGllbnRIb3N0IjoiMTAuNDUuNDguNjAiLCJwcmVmZXJyZWRfdXNlcm5hbWUiOiJzZXJ2aWNlLWFjY291bnQtMTAwMDAwODMiLCJjbGllbnRBZGRyZXNzIjoiMTAuNDUuNDguNjAifQ.jPb6lQqGBdYtrqrZJWqQfwm5Et6H_Oiee73mk3LOf3MBQYjq3x4d00kmP7rwfjvxzhM-e_lHKLCXTshHu06TdFt6Dl24jbJUco9WOZenlm9eD-xlif1pOK0w94f_2F1rQZTPwlgQk6kqQx2u2OvUyA3TydSlEXpWqksj168KejwZfPsf5wgvBTNSJDW3StNnt3GOct_iyCEkUPfvzVcPnBikxONv5tyQvtSx28f1eq4BLRBoofusAT-Og6It8FTXE6Ek2UaLfmRE1s_9qUFqu4rfB-mFoF-gXrhIMj1IWMP2QbPboLDE8VXM0xFnWM2ZQEffIr4XGbvoQTizA2DAZw","expires_in":300,"refresh_expires_in":0,"token_type":"Bearer","not-before-policy":0,"scope":"profile email"}
--------------------------------------------------
[2026-01-29 11:35:05] API REQ [GET]
{
    "url": "https://api-sandbox.bog.ge/payments/v1/receipt/c71eb2ec-7cc4-4883-8294-d7e715cfcd2b",
    "payload": []
}
--------------------------------------------------
[2026-01-29 11:35:05] API RES [200]
{"order_id":"c71eb2ec-7cc4-4883-8294-d7e715cfcd2b","external_order_id":"pay-40-1769672085","client":{"id":"10000083","brand_ka":"დრპაატატესტ","brand_en":"Drpaatatest","url":"https://www.drpaata.ge"},"create_date":"2026-01-29T11:34:46.069045","zoned_create_date":"2026-01-29T07:34:46.069045Z","expire_date":"2026-01-29T11:49:46.069045","zoned_expire_date":"2026-01-29T07:49:46.069045Z","order_status":{"key":"processing","value":"Processing"},"buyer":null,"redirect_links":{"success":"https://drpaata.ge/?ok_action=bog_result&oid=pay-40-1769672085","fail":"https://drpaata.ge/?ok_action=bog_result&oid=pay-40-1769672085"},"payment_detail":{"transfer_method":{"key":"card","value":"Card Payment"},"transaction_id":null,"payer_identifier":null,"payment_option":"direct_debit","card_type":"visa","card_expiry_date":"12/30","request_account_tag":null,"transfer_account_tag":null,"saved_card_type":null,"parent_order_id":null,"code":"100","code_description":"Successful payment","pg_trx_id":"5G3ZCYT0D7ADQCW6","auth_code":"275668"},"actions":null,"disputes":null,"split":null,"discount":null,"lang":"ka","reject_reason":null,"industry":"ecommerce","capture":"automatic","purchase_units":{"request_amount":"50.0","transfer_amount":null,"refund_amount":null,"currency_code":"GEL","items":[{"external_item_id":"Test Product","unit_price":"50.0","description":null,"quantity":"1","unit_discount_price":"0.0","package_code":null,"total_price":null,"vat":null,"vat_percent":null,"tin":null,"pinfl":null,"product_discount_id":null}]}}
--------------------------------------------------
[2026-01-29 11:45:08] API REQ [POST]
{
    "url": "https://oauth2-sandbox.bog.ge/auth/realms/bog/protocol/openid-connect/token",
    "payload": "grant_type=client_credentials"
}
--------------------------------------------------
[2026-01-29 11:45:08] API RES [200]
{"access_token":"eyJhbGciOiJSUzI1NiIsInR5cCIgOiAiSldUIiwia2lkIiA6ICJseVBrZVJpNjJlV3BDY3JZalV4ZTVPLWlWVU1VcV9TUHhZZENubGxFZHJZIn0.eyJleHAiOjE3Njk2NzMwMDgsImlhdCI6MTc2OTY3MjcwOCwianRpIjoiNzQwNGE4NTktNzI4NC00N2ZkLTkyY2ItYTljYmZlZGI0MjlmIiwiaXNzIjoiaHR0cHM6Ly9vYXV0aDItc2FuZGJveC5ib2cuZ2UvYXV0aC9yZWFsbXMvYm9nIiwiYXVkIjoiYWNjb3VudCIsInN1YiI6IjEyNjFiZTIxLTJhZTItNDFiOC1iODllLTE5NzU2YTdhYTY5MyIsInR5cCI6IkJlYXJlciIsImF6cCI6IjEwMDAwMDgzIiwiYWNyIjoiMSIsInJlYWxtX2FjY2VzcyI6eyJyb2xlcyI6WyJkZWZhdWx0LXJvbGVzLWJvZyIsIm9mZmxpbmVfYWNjZXNzIiwidW1hX2F1dGhvcml6YXRpb24iXX0sInJlc291cmNlX2FjY2VzcyI6eyJhY2NvdW50Ijp7InJvbGVzIjpbIm1hbmFnZS1hY2NvdW50IiwibWFuYWdlLWFjY291bnQtbGlua3MiLCJ2aWV3LXByb2ZpbGUiXX19LCJzY29wZSI6InByb2ZpbGUgZW1haWwiLCJlbWFpbF92ZXJpZmllZCI6ZmFsc2UsImNsaWVudElkIjoiMTAwMDAwODMiLCJjbGllbnRIb3N0IjoiMTAuNDUuNDguNjAiLCJwcmVmZXJyZWRfdXNlcm5hbWUiOiJzZXJ2aWNlLWFjY291bnQtMTAwMDAwODMiLCJjbGllbnRBZGRyZXNzIjoiMTAuNDUuNDguNjAifQ.db8M2ajnw33pxyXJiMfmV5Rrhpac7E4czQipnUBfygIKc7LKWW0TSY0YFO53P7wY7X5s0D_qAObIMWnHBwNuULGdV20t-kP3rZ_esmQVeAR1lTpM6iKnwdIWjFsy1_9BNFFvp6_vme_RSwTh4YBWy-1cCrCON782tdU4oko-G656ToTLfCy9TwJ-oNq1nURrb-VCHCaHsF_JUsB0Z9CtUVAguDlaYUZz0oyfb3v-zXECOr89k4GDLNX4n06_3kAc4r1ba01CPpoe5YWmq8dEr6EPhMElu929bj6WSop1j2XZrtPoBfEnuMUCmK5oH8aIXw4PsE-FBsd7Em1BZktKRw","expires_in":300,"refresh_expires_in":0,"token_type":"Bearer","not-before-policy":0,"scope":"profile email"}
--------------------------------------------------
[2026-01-29 11:45:08] API REQ [POST]
{
    "url": "https://api-sandbox.bog.ge/payments/v1/ecommerce/orders",
    "payload": {
        "callback_url": "https://drpaata.ge/?ok_action=bog_callback",
        "external_order_id": "pay-41-1769672708",
        "capture_method": "AUTOMATIC",
        "purchase_units": {
            "currency": "GEL",
            "total_amount": 50,
            "basket": [
                {
                    "quantity": 1,
                    "unit_price": 50,
                    "product_id": "Test Product"
                }
            ]
        },
        "redirect_urls": {
            "fail": "https://drpaata.ge/?ok_action=bog_result&oid=pay-41-1769672708",
            "success": "https://drpaata.ge/?ok_action=bog_result&oid=pay-41-1769672708"
        }
    }
}
--------------------------------------------------
[2026-01-29 11:45:08] API RES [201]
{"id":"2e10136d-bde4-4435-8827-98f721cf2157","_links":{"details":{"href":"https://api-sandbox.bog.ge/payments/v1/receipt/2e10136d-bde4-4435-8827-98f721cf2157"},"redirect":{"href":"https://payment-sandbox.bog.ge?order_id=2e10136d-bde4-4435-8827-98f721cf2157"}}}
--------------------------------------------------
[2026-01-29 11:45:32] API REQ [POST]
{
    "url": "https://oauth2-sandbox.bog.ge/auth/realms/bog/protocol/openid-connect/token",
    "payload": "grant_type=client_credentials"
}
--------------------------------------------------
[2026-01-29 11:45:32] API REQ [POST]
{
    "url": "https://oauth2-sandbox.bog.ge/auth/realms/bog/protocol/openid-connect/token",
    "payload": "grant_type=client_credentials"
}
--------------------------------------------------
[2026-01-29 11:45:32] API RES [200]
{"access_token":"eyJhbGciOiJSUzI1NiIsInR5cCIgOiAiSldUIiwia2lkIiA6ICJseVBrZVJpNjJlV3BDY3JZalV4ZTVPLWlWVU1VcV9TUHhZZENubGxFZHJZIn0.eyJleHAiOjE3Njk2NzMwMzIsImlhdCI6MTc2OTY3MjczMiwianRpIjoiY2ZjMmEyMzEtZGM3Yi00OTI3LTliMWMtM2E3ZjY0NGYzY2YxIiwiaXNzIjoiaHR0cHM6Ly9vYXV0aDItc2FuZGJveC5ib2cuZ2UvYXV0aC9yZWFsbXMvYm9nIiwiYXVkIjoiYWNjb3VudCIsInN1YiI6IjEyNjFiZTIxLTJhZTItNDFiOC1iODllLTE5NzU2YTdhYTY5MyIsInR5cCI6IkJlYXJlciIsImF6cCI6IjEwMDAwMDgzIiwiYWNyIjoiMSIsInJlYWxtX2FjY2VzcyI6eyJyb2xlcyI6WyJkZWZhdWx0LXJvbGVzLWJvZyIsIm9mZmxpbmVfYWNjZXNzIiwidW1hX2F1dGhvcml6YXRpb24iXX0sInJlc291cmNlX2FjY2VzcyI6eyJhY2NvdW50Ijp7InJvbGVzIjpbIm1hbmFnZS1hY2NvdW50IiwibWFuYWdlLWFjY291bnQtbGlua3MiLCJ2aWV3LXByb2ZpbGUiXX19LCJzY29wZSI6InByb2ZpbGUgZW1haWwiLCJlbWFpbF92ZXJpZmllZCI6ZmFsc2UsImNsaWVudElkIjoiMTAwMDAwODMiLCJjbGllbnRIb3N0IjoiMTAuNDUuNDguNjAiLCJwcmVmZXJyZWRfdXNlcm5hbWUiOiJzZXJ2aWNlLWFjY291bnQtMTAwMDAwODMiLCJjbGllbnRBZGRyZXNzIjoiMTAuNDUuNDguNjAifQ.U9c04wEuWGTzSm3GcXgAq-fKcaj-Wy2oXI58HbdJAh2TYE5o1NycGAq2aJ1BY94E4axzAZOQqva1aENR6oUVvT9neMyTzcGKGxutJWaZgvlr-L8EmASS2M5T0VpxA3n9nx-sEnSwzyb9O9Ou9q7e1WHDjaPOb9Dgd2Br13UkTNp94Suq4Ny3xSyFbNx_b56RmH2oroyh_bNfM68G3Jl5aVEXJYz_PK_SjRBid-T0ECJymq4aclqQ7IWONBa_YoNyVc7B5wtLY5fZo9eS0IEL35L-d3JCfhRql4haZEqgl-Q8y7L3ltksSJUVmzqNtwktAoGfIl9YmjPSi20SpyphHA","expires_in":300,"refresh_expires_in":0,"token_type":"Bearer","not-before-policy":0,"scope":"profile email"}
--------------------------------------------------
[2026-01-29 11:45:32] API REQ [GET]
{
    "url": "https://api-sandbox.bog.ge/payments/v1/receipt/2e10136d-bde4-4435-8827-98f721cf2157",
    "payload": []
}
--------------------------------------------------
[2026-01-29 11:45:32] API RES [200]
{"access_token":"eyJhbGciOiJSUzI1NiIsInR5cCIgOiAiSldUIiwia2lkIiA6ICJseVBrZVJpNjJlV3BDY3JZalV4ZTVPLWlWVU1VcV9TUHhZZENubGxFZHJZIn0.eyJleHAiOjE3Njk2NzMwMzIsImlhdCI6MTc2OTY3MjczMiwianRpIjoiZDUyMWRkMjktYWVhZS00NTBlLWFmYWMtZTdhNmJhOTMxMjgzIiwiaXNzIjoiaHR0cHM6Ly9vYXV0aDItc2FuZGJveC5ib2cuZ2UvYXV0aC9yZWFsbXMvYm9nIiwiYXVkIjoiYWNjb3VudCIsInN1YiI6IjEyNjFiZTIxLTJhZTItNDFiOC1iODllLTE5NzU2YTdhYTY5MyIsInR5cCI6IkJlYXJlciIsImF6cCI6IjEwMDAwMDgzIiwiYWNyIjoiMSIsInJlYWxtX2FjY2VzcyI6eyJyb2xlcyI6WyJkZWZhdWx0LXJvbGVzLWJvZyIsIm9mZmxpbmVfYWNjZXNzIiwidW1hX2F1dGhvcml6YXRpb24iXX0sInJlc291cmNlX2FjY2VzcyI6eyJhY2NvdW50Ijp7InJvbGVzIjpbIm1hbmFnZS1hY2NvdW50IiwibWFuYWdlLWFjY291bnQtbGlua3MiLCJ2aWV3LXByb2ZpbGUiXX19LCJzY29wZSI6InByb2ZpbGUgZW1haWwiLCJlbWFpbF92ZXJpZmllZCI6ZmFsc2UsImNsaWVudElkIjoiMTAwMDAwODMiLCJjbGllbnRIb3N0IjoiMTAuNDUuNDguNjAiLCJwcmVmZXJyZWRfdXNlcm5hbWUiOiJzZXJ2aWNlLWFjY291bnQtMTAwMDAwODMiLCJjbGllbnRBZGRyZXNzIjoiMTAuNDUuNDguNjAifQ.XO5k_XaTYJNN28HKBCN5yabjf7Ej1zCG8Gtjvt1iQHDIDPVtnM3fOf1Q1iGMApcaWlHBJ70_MAs-91sGh-EzFeG3WnSgyFF6QyhZFjHniqHjbajXqnpRWD7K0Zk3VF_SwcHTLMOGWecX5ZqqlZAom3n6oG8GA9H1fLtchwrStb5NkXLbBAen5LEO2EDTpcID2JeBK4SRVylxWp5ayST6dPgMYaj9iTJp7xVFCOjH8T8tQLcE5UtSIybY5yfZRvTy7MAGcWDCqyeQKUj-kC_Eez0fWMsxiRmGrS8ZNT8Q6t60N1UlQAg6zMSmVSiLMtyVGJLVD6yr1Bgj6znqT3z-OA","expires_in":300,"refresh_expires_in":0,"token_type":"Bearer","not-before-policy":0,"scope":"profile email"}
--------------------------------------------------
[2026-01-29 11:45:32] API REQ [GET]
{
    "url": "https://api-sandbox.bog.ge/payments/v1/receipt/2e10136d-bde4-4435-8827-98f721cf2157",
    "payload": []
}
--------------------------------------------------
[2026-01-29 11:45:32] API RES [200]
{"order_id":"2e10136d-bde4-4435-8827-98f721cf2157","external_order_id":"pay-41-1769672708","client":{"id":"10000083","brand_ka":"დრპაატატესტ","brand_en":"Drpaatatest","url":"https://www.drpaata.ge"},"create_date":"2026-01-29T11:45:08.937187","zoned_create_date":"2026-01-29T07:45:08.937187Z","expire_date":"2026-01-29T12:00:08.937187","zoned_expire_date":"2026-01-29T08:00:08.937187Z","order_status":{"key":"completed","value":"Performed"},"buyer":null,"redirect_links":{"success":"https://drpaata.ge/?ok_action=bog_result&oid=pay-41-1769672708","fail":"https://drpaata.ge/?ok_action=bog_result&oid=pay-41-1769672708"},"payment_detail":{"transfer_method":{"key":"card","value":"Card Payment"},"transaction_id":"182407968247","payer_identifier":"400000***0001","payment_option":"direct_debit","card_type":"visa","card_expiry_date":"12/30","request_account_tag":null,"transfer_account_tag":null,"saved_card_type":null,"parent_order_id":null,"code":"100","code_description":"Successful payment","pg_trx_id":"FF101U66KCTK1CZ6","auth_code":"630621"},"actions":null,"disputes":null,"split":null,"discount":null,"lang":"ka","reject_reason":null,"industry":"ecommerce","capture":"automatic","purchase_units":{"request_amount":"50.0","transfer_amount":"50.0","refund_amount":null,"currency_code":"GEL","items":[{"external_item_id":"Test Product","unit_price":"50.0","description":null,"quantity":"1","unit_discount_price":"0.0","package_code":null,"total_price":null,"vat":null,"vat_percent":null,"tin":null,"pinfl":null,"product_discount_id":null}]}}
--------------------------------------------------
[2026-01-29 11:45:33] API RES [200]
{"order_id":"2e10136d-bde4-4435-8827-98f721cf2157","external_order_id":"pay-41-1769672708","client":{"id":"10000083","brand_ka":"დრპაატატესტ","brand_en":"Drpaatatest","url":"https://www.drpaata.ge"},"create_date":"2026-01-29T11:45:08.937187","zoned_create_date":"2026-01-29T07:45:08.937187Z","expire_date":"2026-01-29T12:00:08.937187","zoned_expire_date":"2026-01-29T08:00:08.937187Z","order_status":{"key":"completed","value":"Performed"},"buyer":null,"redirect_links":{"success":"https://drpaata.ge/?ok_action=bog_result&oid=pay-41-1769672708","fail":"https://drpaata.ge/?ok_action=bog_result&oid=pay-41-1769672708"},"payment_detail":{"transfer_method":{"key":"card","value":"Card Payment"},"transaction_id":"182407968247","payer_identifier":"400000***0001","payment_option":"direct_debit","card_type":"visa","card_expiry_date":"12/30","request_account_tag":null,"transfer_account_tag":null,"saved_card_type":null,"parent_order_id":null,"code":"100","code_description":"Successful payment","pg_trx_id":"FF101U66KCTK1CZ6","auth_code":"630621"},"actions":null,"disputes":null,"split":null,"discount":null,"lang":"ka","reject_reason":null,"industry":"ecommerce","capture":"automatic","purchase_units":{"request_amount":"50.0","transfer_amount":"50.0","refund_amount":null,"currency_code":"GEL","items":[{"external_item_id":"Test Product","unit_price":"50.0","description":null,"quantity":"1","unit_discount_price":"0.0","package_code":null,"total_price":null,"vat":null,"vat_percent":null,"tin":null,"pinfl":null,"product_discount_id":null}]}}
--------------------------------------------------
[2026-01-29 11:52:18] API REQ [POST]
{
    "url": "https://oauth2-sandbox.bog.ge/auth/realms/bog/protocol/openid-connect/token",
    "payload": "grant_type=client_credentials"
}
--------------------------------------------------
[2026-01-29 11:52:18] API RES [200]
{"access_token":"eyJhbGciOiJSUzI1NiIsInR5cCIgOiAiSldUIiwia2lkIiA6ICJseVBrZVJpNjJlV3BDY3JZalV4ZTVPLWlWVU1VcV9TUHhZZENubGxFZHJZIn0.eyJleHAiOjE3Njk2NzM0MzgsImlhdCI6MTc2OTY3MzEzOCwianRpIjoiOGU1ZWI5ZjgtNWRhYy00NmNkLTk4YmQtNDdlYTk4NTVmNDAyIiwiaXNzIjoiaHR0cHM6Ly9vYXV0aDItc2FuZGJveC5ib2cuZ2UvYXV0aC9yZWFsbXMvYm9nIiwiYXVkIjoiYWNjb3VudCIsInN1YiI6IjEyNjFiZTIxLTJhZTItNDFiOC1iODllLTE5NzU2YTdhYTY5MyIsInR5cCI6IkJlYXJlciIsImF6cCI6IjEwMDAwMDgzIiwiYWNyIjoiMSIsInJlYWxtX2FjY2VzcyI6eyJyb2xlcyI6WyJkZWZhdWx0LXJvbGVzLWJvZyIsIm9mZmxpbmVfYWNjZXNzIiwidW1hX2F1dGhvcml6YXRpb24iXX0sInJlc291cmNlX2FjY2VzcyI6eyJhY2NvdW50Ijp7InJvbGVzIjpbIm1hbmFnZS1hY2NvdW50IiwibWFuYWdlLWFjY291bnQtbGlua3MiLCJ2aWV3LXByb2ZpbGUiXX19LCJzY29wZSI6InByb2ZpbGUgZW1haWwiLCJlbWFpbF92ZXJpZmllZCI6ZmFsc2UsImNsaWVudElkIjoiMTAwMDAwODMiLCJjbGllbnRIb3N0IjoiMTAuNDUuNDguNjAiLCJwcmVmZXJyZWRfdXNlcm5hbWUiOiJzZXJ2aWNlLWFjY291bnQtMTAwMDAwODMiLCJjbGllbnRBZGRyZXNzIjoiMTAuNDUuNDguNjAifQ.LuxyjqnsMtP9FMqzP9Ozr9CkR8CGlFsmkF7Z_9OECtBRhv7tcGLf_M09sgiIGFxYiqyWm8zgWT9zaNovUy0FMrWOlVuSPvrGYO8DTwjOAN2gJbsvZMmPDH7YbpxQpjrwGJaUXSZUleHwnEe7vKmz6sk4zjfVMHuROkclJeREaNU3br69mB0XxJ2gwiWwV7iLMSVtQFjmE7wpaQfs3RwzPvbsZXtBEYA6wUOAaLyZFpnSUY0ntHt9K8n0bjaFKVrjiZEZLSXsVxMIke89kIrbplVKFJEWabrnTK3NWRcApsqMX-tEy4PWRBEjCcCE8piGCDZrQA5ORGYIJaUo8HivJg","expires_in":300,"refresh_expires_in":0,"token_type":"Bearer","not-before-policy":0,"scope":"profile email"}
--------------------------------------------------
[2026-01-29 11:52:18] API REQ [POST]
{
    "url": "https://api-sandbox.bog.ge/payments/v1/ecommerce/orders",
    "payload": {
        "callback_url": "https://drpaata.ge/?ok_action=bog_callback",
        "external_order_id": "pay-42-1769673138",
        "capture_method": "AUTOMATIC",
        "purchase_units": {
            "currency": "GEL",
            "total_amount": 50,
            "basket": [
                {
                    "quantity": 1,
                    "unit_price": 50,
                    "product_id": "Test Product"
                }
            ]
        },
        "redirect_urls": {
            "fail": "https://drpaata.ge/?ok_action=bog_result&oid=pay-42-1769673138",
            "success": "https://drpaata.ge/?ok_action=bog_result&oid=pay-42-1769673138"
        }
    }
}
--------------------------------------------------
[2026-01-29 11:52:18] API RES [201]
{"id":"eb5ae07e-92d6-4f12-a761-d77735cbb207","_links":{"details":{"href":"https://api-sandbox.bog.ge/payments/v1/receipt/eb5ae07e-92d6-4f12-a761-d77735cbb207"},"redirect":{"href":"https://payment-sandbox.bog.ge?order_id=eb5ae07e-92d6-4f12-a761-d77735cbb207"}}}
--------------------------------------------------
[2026-01-29 11:52:35] API REQ [POST]
{
    "url": "https://oauth2-sandbox.bog.ge/auth/realms/bog/protocol/openid-connect/token",
    "payload": "grant_type=client_credentials"
}
--------------------------------------------------
[2026-01-29 11:52:35] API RES [200]
{"access_token":"eyJhbGciOiJSUzI1NiIsInR5cCIgOiAiSldUIiwia2lkIiA6ICJseVBrZVJpNjJlV3BDY3JZalV4ZTVPLWlWVU1VcV9TUHhZZENubGxFZHJZIn0.eyJleHAiOjE3Njk2NzM0NTUsImlhdCI6MTc2OTY3MzE1NSwianRpIjoiMmEwYWJiZTktYTVhYS00NGRhLWExMzYtZjE3MDU4ZTU5N2EwIiwiaXNzIjoiaHR0cHM6Ly9vYXV0aDItc2FuZGJveC5ib2cuZ2UvYXV0aC9yZWFsbXMvYm9nIiwiYXVkIjoiYWNjb3VudCIsInN1YiI6IjEyNjFiZTIxLTJhZTItNDFiOC1iODllLTE5NzU2YTdhYTY5MyIsInR5cCI6IkJlYXJlciIsImF6cCI6IjEwMDAwMDgzIiwiYWNyIjoiMSIsInJlYWxtX2FjY2VzcyI6eyJyb2xlcyI6WyJkZWZhdWx0LXJvbGVzLWJvZyIsIm9mZmxpbmVfYWNjZXNzIiwidW1hX2F1dGhvcml6YXRpb24iXX0sInJlc291cmNlX2FjY2VzcyI6eyJhY2NvdW50Ijp7InJvbGVzIjpbIm1hbmFnZS1hY2NvdW50IiwibWFuYWdlLWFjY291bnQtbGlua3MiLCJ2aWV3LXByb2ZpbGUiXX19LCJzY29wZSI6InByb2ZpbGUgZW1haWwiLCJlbWFpbF92ZXJpZmllZCI6ZmFsc2UsImNsaWVudElkIjoiMTAwMDAwODMiLCJjbGllbnRIb3N0IjoiMTAuNDUuNDguNjAiLCJwcmVmZXJyZWRfdXNlcm5hbWUiOiJzZXJ2aWNlLWFjY291bnQtMTAwMDAwODMiLCJjbGllbnRBZGRyZXNzIjoiMTAuNDUuNDguNjAifQ.LPAytDQf-YrpGb1jry9hkDXcEekqqoJ4ylLLbn-Bx-0FcItbnPKMF_MsVX9YIIBAI_vI86jtzKpOcQ6MBWWYPt9TmzdfVAXJIGQW4-2K1qsdGhd5fbH9H8JugVNgYa3bmi2deoymkO0OM-n9PJakWv9idycmCER5xMqmp-wJvqp_bVk6Ie3EdLwobkr39ln1n_RN49uHIjjchWRiqujislUZ8jgvkbm-QYe1wZFJ_c05BLCtTHEZZp_tbqoSbKt4dgBTI8XgG9qN7r3FrkjbsIMJ-1q7y6tYTyI2tFQAMmAt0VtnRuYrrixG8fANtt-finSf9lrgMZ93zj6x3Jgd-Q","expires_in":300,"refresh_expires_in":0,"token_type":"Bearer","not-before-policy":0,"scope":"profile email"}
--------------------------------------------------
[2026-01-29 11:52:35] API REQ [GET]
{
    "url": "https://api-sandbox.bog.ge/payments/v1/receipt/eb5ae07e-92d6-4f12-a761-d77735cbb207",
    "payload": []
}
--------------------------------------------------
[2026-01-29 11:52:36] API RES [200]
{"order_id":"eb5ae07e-92d6-4f12-a761-d77735cbb207","external_order_id":"pay-42-1769673138","client":{"id":"10000083","brand_ka":"დრპაატატესტ","brand_en":"Drpaatatest","url":"https://www.drpaata.ge"},"create_date":"2026-01-29T11:52:18.798816","zoned_create_date":"2026-01-29T07:52:18.798816Z","expire_date":"2026-01-29T12:07:18.798816","zoned_expire_date":"2026-01-29T08:07:18.798816Z","order_status":{"key":"processing","value":"Processing"},"buyer":null,"redirect_links":{"success":"https://drpaata.ge/?ok_action=bog_result&oid=pay-42-1769673138","fail":"https://drpaata.ge/?ok_action=bog_result&oid=pay-42-1769673138"},"payment_detail":{"transfer_method":{"key":"card","value":"Card Payment"},"transaction_id":null,"payer_identifier":null,"payment_option":"direct_debit","card_type":"visa","card_expiry_date":"12/30","request_account_tag":null,"transfer_account_tag":null,"saved_card_type":null,"parent_order_id":null,"code":"100","code_description":"Successful payment","pg_trx_id":"XM4I626FCG5THQIV","auth_code":"545698"},"actions":null,"disputes":null,"split":null,"discount":null,"lang":"ka","reject_reason":null,"industry":"ecommerce","capture":"automatic","purchase_units":{"request_amount":"50.0","transfer_amount":null,"refund_amount":null,"currency_code":"GEL","items":[{"external_item_id":"Test Product","unit_price":"50.0","description":null,"quantity":"1","unit_discount_price":"0.0","package_code":null,"total_price":null,"vat":null,"vat_percent":null,"tin":null,"pinfl":null,"product_discount_id":null}]}}
--------------------------------------------------
[2026-01-29 11:54:47] API REQ [POST]
{
    "url": "https://oauth2-sandbox.bog.ge/auth/realms/bog/protocol/openid-connect/token",
    "payload": "grant_type=client_credentials"
}
--------------------------------------------------
[2026-01-29 11:54:47] API RES [200]
{"access_token":"eyJhbGciOiJSUzI1NiIsInR5cCIgOiAiSldUIiwia2lkIiA6ICJseVBrZVJpNjJlV3BDY3JZalV4ZTVPLWlWVU1VcV9TUHhZZENubGxFZHJZIn0.eyJleHAiOjE3Njk2NzM1ODcsImlhdCI6MTc2OTY3MzI4NywianRpIjoiNzczNTMzYTctMGEyMC00NTU3LThjNTEtYWEyNjEyYmExZWVlIiwiaXNzIjoiaHR0cHM6Ly9vYXV0aDItc2FuZGJveC5ib2cuZ2UvYXV0aC9yZWFsbXMvYm9nIiwiYXVkIjoiYWNjb3VudCIsInN1YiI6IjEyNjFiZTIxLTJhZTItNDFiOC1iODllLTE5NzU2YTdhYTY5MyIsInR5cCI6IkJlYXJlciIsImF6cCI6IjEwMDAwMDgzIiwiYWNyIjoiMSIsInJlYWxtX2FjY2VzcyI6eyJyb2xlcyI6WyJkZWZhdWx0LXJvbGVzLWJvZyIsIm9mZmxpbmVfYWNjZXNzIiwidW1hX2F1dGhvcml6YXRpb24iXX0sInJlc291cmNlX2FjY2VzcyI6eyJhY2NvdW50Ijp7InJvbGVzIjpbIm1hbmFnZS1hY2NvdW50IiwibWFuYWdlLWFjY291bnQtbGlua3MiLCJ2aWV3LXByb2ZpbGUiXX19LCJzY29wZSI6InByb2ZpbGUgZW1haWwiLCJlbWFpbF92ZXJpZmllZCI6ZmFsc2UsImNsaWVudElkIjoiMTAwMDAwODMiLCJjbGllbnRIb3N0IjoiMTAuNDUuNDguNjAiLCJwcmVmZXJyZWRfdXNlcm5hbWUiOiJzZXJ2aWNlLWFjY291bnQtMTAwMDAwODMiLCJjbGllbnRBZGRyZXNzIjoiMTAuNDUuNDguNjAifQ.K2YEDX9OxCDoAOdK_nfYF7eFHPneBvBiuYUWlHrvxzBbbloNDu_Ke94z1KmkH9RbdRwySGNeabBKUFZm51gaylLVIGuloF_S_7yhHyGp_w18kENXsyCG4sCpaz0ANA1zV1B-CYDvBysHm3QtZPLyIxuQNIeEraUM7F8ixNccebAlPiK5XKmzRkCXZKeOJsD6kwZpv9M6dC-hEtTbpH23vbUjmfa6vZJ1rFEbG05K9gpPHD8bddr8_sEzLKmhF9IzddaruEPWEuwwae8G9Cob00-fSFgR07uTUmuhfqfZF1GKHu6F-hgolUrZkgXBVVtx2dUMbo5wOKB1kRr3VWq3ow","expires_in":300,"refresh_expires_in":0,"token_type":"Bearer","not-before-policy":0,"scope":"profile email"}
--------------------------------------------------
[2026-01-29 11:54:47] API REQ [POST]
{
    "url": "https://api-sandbox.bog.ge/payments/v1/ecommerce/orders",
    "payload": {
        "callback_url": "https://drpaata.ge/?ok_action=bog_callback",
        "external_order_id": "pay-43-1769673287",
        "capture_method": "AUTOMATIC",
        "purchase_units": {
            "currency": "GEL",
            "total_amount": 50,
            "basket": [
                {
                    "quantity": 1,
                    "unit_price": 50,
                    "product_id": "Test Product"
                }
            ]
        },
        "redirect_urls": {
            "fail": "https://drpaata.ge/?ok_action=bog_result&oid=pay-43-1769673287",
            "success": "https://drpaata.ge/?ok_action=bog_result&oid=pay-43-1769673287"
        }
    }
}
--------------------------------------------------
[2026-01-29 11:54:47] API RES [201]
{"id":"16cf8c17-fa25-4855-9a1f-3696650950df","_links":{"details":{"href":"https://api-sandbox.bog.ge/payments/v1/receipt/16cf8c17-fa25-4855-9a1f-3696650950df"},"redirect":{"href":"https://payment-sandbox.bog.ge?order_id=16cf8c17-fa25-4855-9a1f-3696650950df"}}}
--------------------------------------------------
[2026-01-29 11:55:06] API REQ [POST]
{
    "url": "https://oauth2-sandbox.bog.ge/auth/realms/bog/protocol/openid-connect/token",
    "payload": "grant_type=client_credentials"
}
--------------------------------------------------
[2026-01-29 11:55:06] API RES [200]
{"access_token":"eyJhbGciOiJSUzI1NiIsInR5cCIgOiAiSldUIiwia2lkIiA6ICJseVBrZVJpNjJlV3BDY3JZalV4ZTVPLWlWVU1VcV9TUHhZZENubGxFZHJZIn0.eyJleHAiOjE3Njk2NzM2MDYsImlhdCI6MTc2OTY3MzMwNiwianRpIjoiOTJjNzRkMzgtOWRmZi00ZWQ1LTg0MDItMWQ3OGY2MTBkOWZkIiwiaXNzIjoiaHR0cHM6Ly9vYXV0aDItc2FuZGJveC5ib2cuZ2UvYXV0aC9yZWFsbXMvYm9nIiwiYXVkIjoiYWNjb3VudCIsInN1YiI6IjEyNjFiZTIxLTJhZTItNDFiOC1iODllLTE5NzU2YTdhYTY5MyIsInR5cCI6IkJlYXJlciIsImF6cCI6IjEwMDAwMDgzIiwiYWNyIjoiMSIsInJlYWxtX2FjY2VzcyI6eyJyb2xlcyI6WyJkZWZhdWx0LXJvbGVzLWJvZyIsIm9mZmxpbmVfYWNjZXNzIiwidW1hX2F1dGhvcml6YXRpb24iXX0sInJlc291cmNlX2FjY2VzcyI6eyJhY2NvdW50Ijp7InJvbGVzIjpbIm1hbmFnZS1hY2NvdW50IiwibWFuYWdlLWFjY291bnQtbGlua3MiLCJ2aWV3LXByb2ZpbGUiXX19LCJzY29wZSI6InByb2ZpbGUgZW1haWwiLCJlbWFpbF92ZXJpZmllZCI6ZmFsc2UsImNsaWVudElkIjoiMTAwMDAwODMiLCJjbGllbnRIb3N0IjoiMTAuNDUuNDguNjAiLCJwcmVmZXJyZWRfdXNlcm5hbWUiOiJzZXJ2aWNlLWFjY291bnQtMTAwMDAwODMiLCJjbGllbnRBZGRyZXNzIjoiMTAuNDUuNDguNjAifQ.J0lX-PSDB3x05WOi-HjBX-aKCmWxS_mw0QtcC_IxA-ttlxHlU44uo1qlf86_M6PDrjgJzdVvO0OdRxbYe4uaf_Qs0E8Gb2d0rt0ZZ1nrcen6SzwSukVwdcvFaI_o-BfRnxcC2h2XYW092_XDI26XRYMy3YZntPtEMMoODwxaHahuGN2xoyjKtKZEdzWTwS3bmkIEVT5jOwIrxL1DKEg9-mf8nxjOxnRkBn2gT34h5impLsNAp9Iabe7_dRCfA6B_3Qgz4HTKp0Ufde15zzy79KyJBbfNJybxT8_sKEDDLK9yPFEReIWne9Tvd-HEvCPbnyJaIFTEAzMPx0B7fkZTvw","expires_in":300,"refresh_expires_in":0,"token_type":"Bearer","not-before-policy":0,"scope":"profile email"}
--------------------------------------------------
[2026-01-29 11:55:06] API REQ [GET]
{
    "url": "https://api-sandbox.bog.ge/payments/v1/receipt/16cf8c17-fa25-4855-9a1f-3696650950df",
    "payload": []
}
--------------------------------------------------
[2026-01-29 11:55:07] API RES [200]
{"order_id":"16cf8c17-fa25-4855-9a1f-3696650950df","external_order_id":"pay-43-1769673287","client":{"id":"10000083","brand_ka":"დრპაატატესტ","brand_en":"Drpaatatest","url":"https://www.drpaata.ge"},"create_date":"2026-01-29T11:54:47.935234","zoned_create_date":"2026-01-29T07:54:47.935234Z","expire_date":"2026-01-29T12:09:47.935234","zoned_expire_date":"2026-01-29T08:09:47.935234Z","order_status":{"key":"processing","value":"Processing"},"buyer":null,"redirect_links":{"success":"https://drpaata.ge/?ok_action=bog_result&oid=pay-43-1769673287","fail":"https://drpaata.ge/?ok_action=bog_result&oid=pay-43-1769673287"},"payment_detail":{"transfer_method":{"key":"card","value":"Card Payment"},"transaction_id":null,"payer_identifier":null,"payment_option":"direct_debit","card_type":"visa","card_expiry_date":null,"request_account_tag":null,"transfer_account_tag":null,"saved_card_type":null,"parent_order_id":null,"code":"107","code_description":"Payment declined due to insufficient funds in the account","pg_trx_id":"CQ9TBS1C09DRPOEF","auth_code":null},"actions":null,"disputes":null,"split":null,"discount":null,"lang":"ka","reject_reason":null,"industry":"ecommerce","capture":"automatic","purchase_units":{"request_amount":"50.0","transfer_amount":null,"refund_amount":null,"currency_code":"GEL","items":[{"external_item_id":"Test Product","unit_price":"50.0","description":null,"quantity":"1","unit_discount_price":"0.0","package_code":null,"total_price":null,"vat":null,"vat_percent":null,"tin":null,"pinfl":null,"product_discount_id":null}]}}
--------------------------------------------------
[2026-01-29 12:13:17] API REQ [POST]
{
    "url": "https://oauth2-sandbox.bog.ge/auth/realms/bog/protocol/openid-connect/token",
    "payload": "grant_type=client_credentials"
}
--------------------------------------------------
[2026-01-29 12:13:17] API RES [200]
{"access_token":"eyJhbGciOiJSUzI1NiIsInR5cCIgOiAiSldUIiwia2lkIiA6ICJseVBrZVJpNjJlV3BDY3JZalV4ZTVPLWlWVU1VcV9TUHhZZENubGxFZHJZIn0.eyJleHAiOjE3Njk2NzQ2OTcsImlhdCI6MTc2OTY3NDM5NywianRpIjoiYTk2ZTgxNTItZmQ4Ni00NGE4LTg1ZjEtZGI5YjFiOWUzMmFiIiwiaXNzIjoiaHR0cHM6Ly9vYXV0aDItc2FuZGJveC5ib2cuZ2UvYXV0aC9yZWFsbXMvYm9nIiwiYXVkIjoiYWNjb3VudCIsInN1YiI6IjEyNjFiZTIxLTJhZTItNDFiOC1iODllLTE5NzU2YTdhYTY5MyIsInR5cCI6IkJlYXJlciIsImF6cCI6IjEwMDAwMDgzIiwiYWNyIjoiMSIsInJlYWxtX2FjY2VzcyI6eyJyb2xlcyI6WyJkZWZhdWx0LXJvbGVzLWJvZyIsIm9mZmxpbmVfYWNjZXNzIiwidW1hX2F1dGhvcml6YXRpb24iXX0sInJlc291cmNlX2FjY2VzcyI6eyJhY2NvdW50Ijp7InJvbGVzIjpbIm1hbmFnZS1hY2NvdW50IiwibWFuYWdlLWFjY291bnQtbGlua3MiLCJ2aWV3LXByb2ZpbGUiXX19LCJzY29wZSI6InByb2ZpbGUgZW1haWwiLCJlbWFpbF92ZXJpZmllZCI6ZmFsc2UsImNsaWVudElkIjoiMTAwMDAwODMiLCJjbGllbnRIb3N0IjoiMTAuNDUuNDguNjAiLCJwcmVmZXJyZWRfdXNlcm5hbWUiOiJzZXJ2aWNlLWFjY291bnQtMTAwMDAwODMiLCJjbGllbnRBZGRyZXNzIjoiMTAuNDUuNDguNjAifQ.OJkxrJSZyhL-qLOm0xfjFDpzLrBrn8gIinnAtrWTyXtmrlIIykFijISDQWXEnbGKAoeVA1-QWkrpk5zFDLrpgYFhoAmwtxCTIxX6sotzGH6n0bN8AR-nlUFAQvI9HKtoJq-YeIOoBZKRoJQVi0EyYXNOdJ3h2dFshkRjLhG87bntS8oyQ06xOQfGwB9_6oNborMvfTp0Zb0N573BlaxPPR2uYGlQZH5OXkacepEGamTlnnSqBvtzJGancPfP0B7WIaXtzYL4B1xi4sH8p3XvfB6H3kvzqVxZSZ0_2D-nEXQ_ZYU2N8EofO9GJ7rmS-UISCwBDV1xt-BxEU4D6eZ1bg","expires_in":300,"refresh_expires_in":0,"token_type":"Bearer","not-before-policy":0,"scope":"profile email"}
--------------------------------------------------
[2026-01-29 12:13:17] API REQ [POST]
{
    "url": "https://api-sandbox.bog.ge/payments/v1/ecommerce/orders",
    "payload": {
        "callback_url": "https://drpaata.ge/?ok_action=bog_callback",
        "external_order_id": "pay-44-1769674397",
        "capture_method": "AUTOMATIC",
        "purchase_units": {
            "currency": "GEL",
            "total_amount": 50,
            "basket": [
                {
                    "quantity": 1,
                    "unit_price": 50,
                    "product_id": "Test Product"
                }
            ]
        },
        "redirect_urls": {
            "fail": "https://drpaata.ge/?ok_action=bog_result&oid=pay-44-1769674397",
            "success": "https://drpaata.ge/?ok_action=bog_result&oid=pay-44-1769674397"
        }
    }
}
--------------------------------------------------
[2026-01-29 12:13:17] API RES [201]
{"id":"b71af0da-ff05-4c2a-9974-f92f9f9af717","_links":{"details":{"href":"https://api-sandbox.bog.ge/payments/v1/receipt/b71af0da-ff05-4c2a-9974-f92f9f9af717"},"redirect":{"href":"https://payment-sandbox.bog.ge?order_id=b71af0da-ff05-4c2a-9974-f92f9f9af717"}}}
--------------------------------------------------
[2026-01-29 12:13:30] API REQ [POST]
{
    "url": "https://oauth2-sandbox.bog.ge/auth/realms/bog/protocol/openid-connect/token",
    "payload": "grant_type=client_credentials"
}
--------------------------------------------------
[2026-01-29 12:13:30] API RES [200]
{"access_token":"eyJhbGciOiJSUzI1NiIsInR5cCIgOiAiSldUIiwia2lkIiA6ICJseVBrZVJpNjJlV3BDY3JZalV4ZTVPLWlWVU1VcV9TUHhZZENubGxFZHJZIn0.eyJleHAiOjE3Njk2NzQ3MTAsImlhdCI6MTc2OTY3NDQxMCwianRpIjoiNDY0YThlZGMtMjIwNi00YTE3LTllNTktMjIyZmJjMDY5MzIyIiwiaXNzIjoiaHR0cHM6Ly9vYXV0aDItc2FuZGJveC5ib2cuZ2UvYXV0aC9yZWFsbXMvYm9nIiwiYXVkIjoiYWNjb3VudCIsInN1YiI6IjEyNjFiZTIxLTJhZTItNDFiOC1iODllLTE5NzU2YTdhYTY5MyIsInR5cCI6IkJlYXJlciIsImF6cCI6IjEwMDAwMDgzIiwiYWNyIjoiMSIsInJlYWxtX2FjY2VzcyI6eyJyb2xlcyI6WyJkZWZhdWx0LXJvbGVzLWJvZyIsIm9mZmxpbmVfYWNjZXNzIiwidW1hX2F1dGhvcml6YXRpb24iXX0sInJlc291cmNlX2FjY2VzcyI6eyJhY2NvdW50Ijp7InJvbGVzIjpbIm1hbmFnZS1hY2NvdW50IiwibWFuYWdlLWFjY291bnQtbGlua3MiLCJ2aWV3LXByb2ZpbGUiXX19LCJzY29wZSI6InByb2ZpbGUgZW1haWwiLCJlbWFpbF92ZXJpZmllZCI6ZmFsc2UsImNsaWVudElkIjoiMTAwMDAwODMiLCJjbGllbnRIb3N0IjoiMTAuNDUuNDguNjAiLCJwcmVmZXJyZWRfdXNlcm5hbWUiOiJzZXJ2aWNlLWFjY291bnQtMTAwMDAwODMiLCJjbGllbnRBZGRyZXNzIjoiMTAuNDUuNDguNjAifQ.l1ekmFzVnGajaX869nl9he8y8eEdwazdPe6Juo_9-L_VCPrNMoNH1IRZb7OyS-IVsYnapTfXhAiiig7MLtPTZjx9sCRz6mfkveiDCRUpYpeaD24NKXN9bt6nIX1zJ3Y9KEWDeL650V5Fy9xf-1YB9d2Wg_jxYUN_I6hBJcrpz1YYPjKUqKRUhwY1nWbtLTAUeS0owqsKduoWUXb7jabfCN29FbiN0OD8Dyva5uavDlqHoO1ivy07w9FP6NPh_CjKp2NAxv8JGQBnd7MKeTKzLJLAsI6jLVIl0vCTE8dhKdtO7bHkbGnl_icI3x8hvWUnHXqK-9VBR-3AaW0ohEP5Kg","expires_in":300,"refresh_expires_in":0,"token_type":"Bearer","not-before-policy":0,"scope":"profile email"}
--------------------------------------------------
[2026-01-29 12:13:30] API REQ [GET]
{
    "url": "https://api-sandbox.bog.ge/payments/v1/receipt/b71af0da-ff05-4c2a-9974-f92f9f9af717",
    "payload": []
}
--------------------------------------------------
[2026-01-29 12:13:30] API RES [200]
{"order_id":"b71af0da-ff05-4c2a-9974-f92f9f9af717","external_order_id":"pay-44-1769674397","client":{"id":"10000083","brand_ka":"დრპაატატესტ","brand_en":"Drpaatatest","url":"https://www.drpaata.ge"},"create_date":"2026-01-29T12:13:17.940088","zoned_create_date":"2026-01-29T08:13:17.940088Z","expire_date":"2026-01-29T12:28:17.940088","zoned_expire_date":"2026-01-29T08:28:17.940088Z","order_status":{"key":"processing","value":"Processing"},"buyer":null,"redirect_links":{"success":"https://drpaata.ge/?ok_action=bog_result&oid=pay-44-1769674397","fail":"https://drpaata.ge/?ok_action=bog_result&oid=pay-44-1769674397"},"payment_detail":{"transfer_method":{"key":"card","value":"Card Payment"},"transaction_id":null,"payer_identifier":null,"payment_option":"direct_debit","card_type":"visa","card_expiry_date":"12/30","request_account_tag":null,"transfer_account_tag":null,"saved_card_type":null,"parent_order_id":null,"code":"100","code_description":"Successful payment","pg_trx_id":"N3MHL5FSLVAJBJBX","auth_code":"341150"},"actions":null,"disputes":null,"split":null,"discount":null,"lang":"ka","reject_reason":null,"industry":"ecommerce","capture":"automatic","purchase_units":{"request_amount":"50.0","transfer_amount":null,"refund_amount":null,"currency_code":"GEL","items":[{"external_item_id":"Test Product","unit_price":"50.0","description":null,"quantity":"1","unit_discount_price":"0.0","package_code":null,"total_price":null,"vat":null,"vat_percent":null,"tin":null,"pinfl":null,"product_discount_id":null}]}}
--------------------------------------------------
[2026-01-29 12:29:46] API REQ [POST]
{
    "url": "https://oauth2-sandbox.bog.ge/auth/realms/bog/protocol/openid-connect/token",
    "payload": "grant_type=client_credentials"
}
--------------------------------------------------
[2026-01-29 12:29:46] API RES [200]
{"access_token":"eyJhbGciOiJSUzI1NiIsInR5cCIgOiAiSldUIiwia2lkIiA6ICJseVBrZVJpNjJlV3BDY3JZalV4ZTVPLWlWVU1VcV9TUHhZZENubGxFZHJZIn0.eyJleHAiOjE3Njk2NzU2ODYsImlhdCI6MTc2OTY3NTM4NiwianRpIjoiMmFkNmE3MjQtOWQ2OC00ZTEyLWFhMTEtMjQ5MzdkMDFiNjU3IiwiaXNzIjoiaHR0cHM6Ly9vYXV0aDItc2FuZGJveC5ib2cuZ2UvYXV0aC9yZWFsbXMvYm9nIiwiYXVkIjoiYWNjb3VudCIsInN1YiI6IjEyNjFiZTIxLTJhZTItNDFiOC1iODllLTE5NzU2YTdhYTY5MyIsInR5cCI6IkJlYXJlciIsImF6cCI6IjEwMDAwMDgzIiwiYWNyIjoiMSIsInJlYWxtX2FjY2VzcyI6eyJyb2xlcyI6WyJkZWZhdWx0LXJvbGVzLWJvZyIsIm9mZmxpbmVfYWNjZXNzIiwidW1hX2F1dGhvcml6YXRpb24iXX0sInJlc291cmNlX2FjY2VzcyI6eyJhY2NvdW50Ijp7InJvbGVzIjpbIm1hbmFnZS1hY2NvdW50IiwibWFuYWdlLWFjY291bnQtbGlua3MiLCJ2aWV3LXByb2ZpbGUiXX19LCJzY29wZSI6InByb2ZpbGUgZW1haWwiLCJlbWFpbF92ZXJpZmllZCI6ZmFsc2UsImNsaWVudElkIjoiMTAwMDAwODMiLCJjbGllbnRIb3N0IjoiMTAuNDUuNDguNjAiLCJwcmVmZXJyZWRfdXNlcm5hbWUiOiJzZXJ2aWNlLWFjY291bnQtMTAwMDAwODMiLCJjbGllbnRBZGRyZXNzIjoiMTAuNDUuNDguNjAifQ.HnHuk_Pc5v4piYapE8ZVViP0Wf7DxdVGgf8kv5ZKt6pNsLZpsWNkSxROeWUe1boZTTRCUjmij-ryXUZtDYWz7oDz_JqMymOK8Ge9MIn0fT_FxCdQ4IElCKTOl-X_R79PUq9V9_D-ebaHHjb2PhWQh-CzscibRMz-7yiaKba61ZBlksft1FIfrVZYrHfA1WGAjb7RYc1oQ7pvdzinbu-TRhsz2LzWvwfmDRSRIl2pYngZA7YCv4eiCS9HWO-uTtoIW9_vYb-sC1vApxdmzzTWhxdVhOP1pHkUNU5RGUAHbTKmN1H4Zp07IaXIrXhOLSNha98cny64WD0vwgwHWwe6nw","expires_in":300,"refresh_expires_in":0,"token_type":"Bearer","not-before-policy":0,"scope":"profile email"}
--------------------------------------------------
[2026-01-29 12:29:46] API REQ [POST]
{
    "url": "https://api-sandbox.bog.ge/payments/v1/ecommerce/orders",
    "payload": {
        "callback_url": "https://drpaata.ge/?ok_action=bog_callback",
        "external_order_id": "pay-45-1769675386",
        "capture_method": "AUTOMATIC",
        "purchase_units": {
            "currency": "GEL",
            "total_amount": 50,
            "basket": [
                {
                    "quantity": 1,
                    "unit_price": 50,
                    "product_id": "Test Product"
                }
            ]
        },
        "redirect_urls": {
            "fail": "https://drpaata.ge/?ok_action=bog_result&oid=pay-45-1769675386",
            "success": "https://drpaata.ge/?ok_action=bog_result&oid=pay-45-1769675386"
        }
    }
}
--------------------------------------------------
[2026-01-29 12:29:46] API RES [201]
{"id":"5106690a-49eb-4168-a609-9425edac0e57","_links":{"details":{"href":"https://api-sandbox.bog.ge/payments/v1/receipt/5106690a-49eb-4168-a609-9425edac0e57"},"redirect":{"href":"https://payment-sandbox.bog.ge?order_id=5106690a-49eb-4168-a609-9425edac0e57"}}}
--------------------------------------------------
[2026-01-29 12:30:04] API REQ [POST]
{
    "url": "https://oauth2-sandbox.bog.ge/auth/realms/bog/protocol/openid-connect/token",
    "payload": "grant_type=client_credentials"
}
--------------------------------------------------
[2026-01-29 12:30:05] API RES [200]
{"access_token":"eyJhbGciOiJSUzI1NiIsInR5cCIgOiAiSldUIiwia2lkIiA6ICJseVBrZVJpNjJlV3BDY3JZalV4ZTVPLWlWVU1VcV9TUHhZZENubGxFZHJZIn0.eyJleHAiOjE3Njk2NzU3MDUsImlhdCI6MTc2OTY3NTQwNSwianRpIjoiNTJhYmJiYWItMzExZC00YTBmLTk5NzAtNDEzNmM2MzBhYjg1IiwiaXNzIjoiaHR0cHM6Ly9vYXV0aDItc2FuZGJveC5ib2cuZ2UvYXV0aC9yZWFsbXMvYm9nIiwiYXVkIjoiYWNjb3VudCIsInN1YiI6IjEyNjFiZTIxLTJhZTItNDFiOC1iODllLTE5NzU2YTdhYTY5MyIsInR5cCI6IkJlYXJlciIsImF6cCI6IjEwMDAwMDgzIiwiYWNyIjoiMSIsInJlYWxtX2FjY2VzcyI6eyJyb2xlcyI6WyJkZWZhdWx0LXJvbGVzLWJvZyIsIm9mZmxpbmVfYWNjZXNzIiwidW1hX2F1dGhvcml6YXRpb24iXX0sInJlc291cmNlX2FjY2VzcyI6eyJhY2NvdW50Ijp7InJvbGVzIjpbIm1hbmFnZS1hY2NvdW50IiwibWFuYWdlLWFjY291bnQtbGlua3MiLCJ2aWV3LXByb2ZpbGUiXX19LCJzY29wZSI6InByb2ZpbGUgZW1haWwiLCJlbWFpbF92ZXJpZmllZCI6ZmFsc2UsImNsaWVudElkIjoiMTAwMDAwODMiLCJjbGllbnRIb3N0IjoiMTAuNDUuNDguNjAiLCJwcmVmZXJyZWRfdXNlcm5hbWUiOiJzZXJ2aWNlLWFjY291bnQtMTAwMDAwODMiLCJjbGllbnRBZGRyZXNzIjoiMTAuNDUuNDguNjAifQ.WVOebtivOSNJ8bwUJzHbR6Um6nGW4ydf9rWJdTED8KEzEazTU3d4mcdSLK8v3rkviswmQwF3XkEb8-iaBewJ3P3s0do-wCWKXCHrdAIRkF1FHOIQyJXmQpfusPcl7ftwFQoplAVBrgtXpPC5sxXheeqwwa8Rn61uZAgJ7zqa-Ye8Zl5IGYfJkHbTlg5j4CyTzTTiBRhRvVSsOnaL_ippYNuJpjStzC0DWVmDmuhKWQpV-xEbl2VPNFeFyhNRCtBglHWErRFSUdJQkQg89Dbg5IMhpa9g7bQTfIPzrkbSzEi4iPpW_WQDbJ7X25uRqPuIuxEiD2YLRjSMpIMLnZ9I4Q","expires_in":300,"refresh_expires_in":0,"token_type":"Bearer","not-before-policy":0,"scope":"profile email"}
--------------------------------------------------
[2026-01-29 12:30:05] API REQ [GET]
{
    "url": "https://api-sandbox.bog.ge/payments/v1/receipt/5106690a-49eb-4168-a609-9425edac0e57",
    "payload": []
}
--------------------------------------------------
[2026-01-29 12:30:05] API RES [200]
{"order_id":"5106690a-49eb-4168-a609-9425edac0e57","external_order_id":"pay-45-1769675386","client":{"id":"10000083","brand_ka":"დრპაატატესტ","brand_en":"Drpaatatest","url":"https://www.drpaata.ge"},"create_date":"2026-01-29T12:29:46.521563","zoned_create_date":"2026-01-29T08:29:46.521563Z","expire_date":"2026-01-29T12:44:46.521563","zoned_expire_date":"2026-01-29T08:44:46.521563Z","order_status":{"key":"processing","value":"Processing"},"buyer":null,"redirect_links":{"success":"https://drpaata.ge/?ok_action=bog_result&oid=pay-45-1769675386","fail":"https://drpaata.ge/?ok_action=bog_result&oid=pay-45-1769675386"},"payment_detail":{"transfer_method":{"key":"card","value":"Card Payment"},"transaction_id":null,"payer_identifier":null,"payment_option":"direct_debit","card_type":"visa","card_expiry_date":"12/30","request_account_tag":null,"transfer_account_tag":null,"saved_card_type":null,"parent_order_id":null,"code":"100","code_description":"Successful payment","pg_trx_id":"450OHP5KA2YIP846","auth_code":"758166"},"actions":null,"disputes":null,"split":null,"discount":null,"lang":"ka","reject_reason":null,"industry":"ecommerce","capture":"automatic","purchase_units":{"request_amount":"50.0","transfer_amount":null,"refund_amount":null,"currency_code":"GEL","items":[{"external_item_id":"Test Product","unit_price":"50.0","description":null,"quantity":"1","unit_discount_price":"0.0","package_code":null,"total_price":null,"vat":null,"vat_percent":null,"tin":null,"pinfl":null,"product_discount_id":null}]}}
--------------------------------------------------
