[03-Feb-2026 14:48:40 Asia/Tbilisi] Plugin Crash: Call to undefined function add_shortcode()
[03-Feb-2026 14:54:40 Asia/Tbilisi] Plugin Crash: Call to undefined function add_shortcode()
[03-Feb-2026 14:59:10 Asia/Tbilisi] [SQL ERROR] SQLSTATE[42S02]: Base table or view not found: 1146 Table 'jtfugplo_paata.users' doesn't exist | Query: SELECT o.id, o.created_at, u.user_email, u.display_name FROM ok_chat_operators o JOIN users u ON o.user_id = u.id
[03-Feb-2026 14:59:20 Asia/Tbilisi] [SQL ERROR] SQLSTATE[42S02]: Base table or view not found: 1146 Table 'jtfugplo_paata.users' doesn't exist | Query: SELECT id FROM users WHERE user_email = ?
[03-Feb-2026 15:19:14 Asia/Tbilisi] Plugin Crash: syntax error, unexpected token "<", expecting end of file
[03-Feb-2026 15:34:53 Asia/Tbilisi] [SQL ERROR] SQLSTATE[42S22]: Column not found: 1054 Unknown column 'last_activity' in 'order clause' | Query: SELECT * FROM ok_chat_sessions ORDER BY last_activity DESC LIMIT 20
[03-Feb-2026 15:46:20 Asia/Tbilisi] [SQL ERROR] SQLSTATE[42S22]: Column not found: 1054 Unknown column 'last_activity' in 'order clause' | Query: SELECT * FROM ok_chat_sessions ORDER BY last_activity DESC LIMIT 20
[03-Feb-2026 15:49:53 Asia/Tbilisi] Plugin Crash: Call to undefined function add_shortcode()
[04-Feb-2026 08:15:05 Europe/Berlin] PHP Parse error:  syntax error, unexpected token "<", expecting end of file in C:\xampp\htdocs\ok-core\functions\functions-notifications.php on line 336
[04-Feb-2026 08:15:08 Europe/Berlin] PHP Parse error:  syntax error, unexpected token "<", expecting end of file in C:\xampp\htdocs\ok-core\functions\functions-notifications.php on line 336
[04-Feb-2026 08:15:08 Europe/Berlin] PHP Parse error:  syntax error, unexpected token "<", expecting end of file in C:\xampp\htdocs\ok-core\functions\functions-notifications.php on line 336
[04-Feb-2026 08:15:08 Europe/Berlin] PHP Parse error:  syntax error, unexpected token "<", expecting end of file in C:\xampp\htdocs\ok-core\functions\functions-notifications.php on line 336
[04-Feb-2026 08:15:08 Europe/Berlin] PHP Parse error:  syntax error, unexpected token "<", expecting end of file in C:\xampp\htdocs\ok-core\functions\functions-notifications.php on line 336
[04-Feb-2026 08:15:08 Europe/Berlin] PHP Parse error:  syntax error, unexpected token "<", expecting end of file in C:\xampp\htdocs\ok-core\functions\functions-notifications.php on line 336
[04-Feb-2026 08:15:08 Europe/Berlin] PHP Parse error:  syntax error, unexpected token "<", expecting end of file in C:\xampp\htdocs\ok-core\functions\functions-notifications.php on line 336
[04-Feb-2026 08:15:10 Europe/Berlin] PHP Parse error:  syntax error, unexpected token "<", expecting end of file in C:\xampp\htdocs\ok-core\functions\functions-notifications.php on line 336
[04-Feb-2026 08:15:15 Europe/Berlin] PHP Parse error:  syntax error, unexpected token "<", expecting end of file in C:\xampp\htdocs\ok-core\functions\functions-notifications.php on line 336
[04-Feb-2026 08:15:20 Europe/Berlin] PHP Parse error:  syntax error, unexpected token "<", expecting end of file in C:\xampp\htdocs\ok-core\functions\functions-notifications.php on line 336
[04-Feb-2026 08:15:25 Europe/Berlin] PHP Parse error:  syntax error, unexpected token "<", expecting end of file in C:\xampp\htdocs\ok-core\functions\functions-notifications.php on line 336
[04-Feb-2026 08:15:30 Europe/Berlin] PHP Parse error:  syntax error, unexpected token "<", expecting end of file in C:\xampp\htdocs\ok-core\functions\functions-notifications.php on line 336
[04-Feb-2026 08:15:35 Europe/Berlin] PHP Parse error:  syntax error, unexpected token "<", expecting end of file in C:\xampp\htdocs\ok-core\functions\functions-notifications.php on line 336
[04-Feb-2026 08:15:40 Europe/Berlin] PHP Parse error:  syntax error, unexpected token "<", expecting end of file in C:\xampp\htdocs\ok-core\functions\functions-notifications.php on line 336
[04-Feb-2026 08:15:45 Europe/Berlin] PHP Parse error:  syntax error, unexpected token "<", expecting end of file in C:\xampp\htdocs\ok-core\functions\functions-notifications.php on line 336
[04-Feb-2026 08:15:50 Europe/Berlin] PHP Parse error:  syntax error, unexpected token "<", expecting end of file in C:\xampp\htdocs\ok-core\functions\functions-notifications.php on line 336
[04-Feb-2026 08:15:55 Europe/Berlin] PHP Parse error:  syntax error, unexpected token "<", expecting end of file in C:\xampp\htdocs\ok-core\functions\functions-notifications.php on line 336
[04-Feb-2026 08:16:00 Europe/Berlin] PHP Parse error:  syntax error, unexpected token "<", expecting end of file in C:\xampp\htdocs\ok-core\functions\functions-notifications.php on line 336
[04-Feb-2026 08:16:05 Europe/Berlin] PHP Parse error:  syntax error, unexpected token "<", expecting end of file in C:\xampp\htdocs\ok-core\functions\functions-notifications.php on line 336
[04-Feb-2026 08:16:08 Europe/Berlin] PHP Parse error:  syntax error, unexpected token "<", expecting end of file in C:\xampp\htdocs\ok-core\functions\functions-notifications.php on line 336
[04-Feb-2026 08:16:08 Europe/Berlin] PHP Parse error:  syntax error, unexpected token "<", expecting end of file in C:\xampp\htdocs\ok-core\functions\functions-notifications.php on line 336
[04-Feb-2026 08:16:08 Europe/Berlin] PHP Parse error:  syntax error, unexpected token "<", expecting end of file in C:\xampp\htdocs\ok-core\functions\functions-notifications.php on line 336
[04-Feb-2026 08:16:08 Europe/Berlin] PHP Parse error:  syntax error, unexpected token "<", expecting end of file in C:\xampp\htdocs\ok-core\functions\functions-notifications.php on line 336
[04-Feb-2026 08:16:08 Europe/Berlin] PHP Parse error:  syntax error, unexpected token "<", expecting end of file in C:\xampp\htdocs\ok-core\functions\functions-notifications.php on line 336
[04-Feb-2026 08:16:08 Europe/Berlin] PHP Parse error:  syntax error, unexpected token "<", expecting end of file in C:\xampp\htdocs\ok-core\functions\functions-notifications.php on line 336
[04-Feb-2026 08:17:06 Europe/Berlin] PHP Parse error:  syntax error, unexpected token "<", expecting end of file in C:\xampp\htdocs\ok-core\functions\functions-notifications.php on line 336
[04-Feb-2026 08:17:08 Europe/Berlin] PHP Parse error:  syntax error, unexpected token "<", expecting end of file in C:\xampp\htdocs\ok-core\functions\functions-notifications.php on line 336
[04-Feb-2026 08:17:08 Europe/Berlin] PHP Parse error:  syntax error, unexpected token "<", expecting end of file in C:\xampp\htdocs\ok-core\functions\functions-notifications.php on line 336
[04-Feb-2026 08:17:08 Europe/Berlin] PHP Parse error:  syntax error, unexpected token "<", expecting end of file in C:\xampp\htdocs\ok-core\functions\functions-notifications.php on line 336
[04-Feb-2026 08:17:08 Europe/Berlin] PHP Parse error:  syntax error, unexpected token "<", expecting end of file in C:\xampp\htdocs\ok-core\functions\functions-notifications.php on line 336
[04-Feb-2026 08:17:08 Europe/Berlin] PHP Parse error:  syntax error, unexpected token "<", expecting end of file in C:\xampp\htdocs\ok-core\functions\functions-notifications.php on line 336
[04-Feb-2026 08:17:08 Europe/Berlin] PHP Parse error:  syntax error, unexpected token "<", expecting end of file in C:\xampp\htdocs\ok-core\functions\functions-notifications.php on line 336
[04-Feb-2026 08:18:07 Europe/Berlin] PHP Parse error:  syntax error, unexpected token "<", expecting end of file in C:\xampp\htdocs\ok-core\functions\functions-notifications.php on line 336
[04-Feb-2026 08:18:08 Europe/Berlin] PHP Parse error:  syntax error, unexpected token "<", expecting end of file in C:\xampp\htdocs\ok-core\functions\functions-notifications.php on line 336
[04-Feb-2026 08:18:08 Europe/Berlin] PHP Parse error:  syntax error, unexpected token "<", expecting end of file in C:\xampp\htdocs\ok-core\functions\functions-notifications.php on line 336
[04-Feb-2026 08:18:08 Europe/Berlin] PHP Parse error:  syntax error, unexpected token "<", expecting end of file in C:\xampp\htdocs\ok-core\functions\functions-notifications.php on line 336
[04-Feb-2026 08:18:08 Europe/Berlin] PHP Parse error:  syntax error, unexpected token "<", expecting end of file in C:\xampp\htdocs\ok-core\functions\functions-notifications.php on line 336
[04-Feb-2026 08:18:08 Europe/Berlin] PHP Parse error:  syntax error, unexpected token "<", expecting end of file in C:\xampp\htdocs\ok-core\functions\functions-notifications.php on line 336
[04-Feb-2026 08:18:08 Europe/Berlin] PHP Parse error:  syntax error, unexpected token "<", expecting end of file in C:\xampp\htdocs\ok-core\functions\functions-notifications.php on line 336
[04-Feb-2026 08:19:08 Europe/Berlin] PHP Parse error:  syntax error, unexpected token "<", expecting end of file in C:\xampp\htdocs\ok-core\functions\functions-notifications.php on line 336
[04-Feb-2026 08:19:08 Europe/Berlin] PHP Parse error:  syntax error, unexpected token "<", expecting end of file in C:\xampp\htdocs\ok-core\functions\functions-notifications.php on line 336
[04-Feb-2026 08:19:08 Europe/Berlin] PHP Parse error:  syntax error, unexpected token "<", expecting end of file in C:\xampp\htdocs\ok-core\functions\functions-notifications.php on line 336
[04-Feb-2026 08:19:08 Europe/Berlin] PHP Parse error:  syntax error, unexpected token "<", expecting end of file in C:\xampp\htdocs\ok-core\functions\functions-notifications.php on line 336
[04-Feb-2026 08:19:08 Europe/Berlin] PHP Parse error:  syntax error, unexpected token "<", expecting end of file in C:\xampp\htdocs\ok-core\functions\functions-notifications.php on line 336
[04-Feb-2026 08:19:08 Europe/Berlin] PHP Parse error:  syntax error, unexpected token "<", expecting end of file in C:\xampp\htdocs\ok-core\functions\functions-notifications.php on line 336
[04-Feb-2026 08:19:08 Europe/Berlin] PHP Parse error:  syntax error, unexpected token "<", expecting end of file in C:\xampp\htdocs\ok-core\functions\functions-notifications.php on line 336
[04-Feb-2026 08:20:08 Europe/Berlin] PHP Parse error:  syntax error, unexpected token "<", expecting end of file in C:\xampp\htdocs\ok-core\functions\functions-notifications.php on line 336
[04-Feb-2026 08:20:08 Europe/Berlin] PHP Parse error:  syntax error, unexpected token "<", expecting end of file in C:\xampp\htdocs\ok-core\functions\functions-notifications.php on line 336
[04-Feb-2026 08:20:08 Europe/Berlin] PHP Parse error:  syntax error, unexpected token "<", expecting end of file in C:\xampp\htdocs\ok-core\functions\functions-notifications.php on line 336
[04-Feb-2026 08:20:08 Europe/Berlin] PHP Parse error:  syntax error, unexpected token "<", expecting end of file in C:\xampp\htdocs\ok-core\functions\functions-notifications.php on line 336
[04-Feb-2026 08:20:08 Europe/Berlin] PHP Parse error:  syntax error, unexpected token "<", expecting end of file in C:\xampp\htdocs\ok-core\functions\functions-notifications.php on line 336
[04-Feb-2026 08:20:08 Europe/Berlin] PHP Parse error:  syntax error, unexpected token "<", expecting end of file in C:\xampp\htdocs\ok-core\functions\functions-notifications.php on line 336
[04-Feb-2026 08:20:08 Europe/Berlin] PHP Parse error:  syntax error, unexpected token "<", expecting end of file in C:\xampp\htdocs\ok-core\functions\functions-notifications.php on line 336
[04-Feb-2026 08:21:08 Europe/Berlin] PHP Parse error:  syntax error, unexpected token "<", expecting end of file in C:\xampp\htdocs\ok-core\functions\functions-notifications.php on line 336
[04-Feb-2026 08:21:08 Europe/Berlin] PHP Parse error:  syntax error, unexpected token "<", expecting end of file in C:\xampp\htdocs\ok-core\functions\functions-notifications.php on line 336
[04-Feb-2026 08:21:08 Europe/Berlin] PHP Parse error:  syntax error, unexpected token "<", expecting end of file in C:\xampp\htdocs\ok-core\functions\functions-notifications.php on line 336
[04-Feb-2026 08:21:08 Europe/Berlin] PHP Parse error:  syntax error, unexpected token "<", expecting end of file in C:\xampp\htdocs\ok-core\functions\functions-notifications.php on line 336
[04-Feb-2026 08:21:08 Europe/Berlin] PHP Parse error:  syntax error, unexpected token "<", expecting end of file in C:\xampp\htdocs\ok-core\functions\functions-notifications.php on line 336
[04-Feb-2026 08:21:08 Europe/Berlin] PHP Parse error:  syntax error, unexpected token "<", expecting end of file in C:\xampp\htdocs\ok-core\functions\functions-notifications.php on line 336
[04-Feb-2026 08:21:08 Europe/Berlin] PHP Parse error:  syntax error, unexpected token "<", expecting end of file in C:\xampp\htdocs\ok-core\functions\functions-notifications.php on line 336
[04-Feb-2026 08:22:07 Europe/Berlin] PHP Parse error:  syntax error, unexpected token "<", expecting end of file in C:\xampp\htdocs\ok-core\functions\functions-notifications.php on line 336
[04-Feb-2026 08:22:08 Europe/Berlin] PHP Parse error:  syntax error, unexpected token "<", expecting end of file in C:\xampp\htdocs\ok-core\functions\functions-notifications.php on line 336
[04-Feb-2026 08:22:08 Europe/Berlin] PHP Parse error:  syntax error, unexpected token "<", expecting end of file in C:\xampp\htdocs\ok-core\functions\functions-notifications.php on line 336
[04-Feb-2026 08:22:08 Europe/Berlin] PHP Parse error:  syntax error, unexpected token "<", expecting end of file in C:\xampp\htdocs\ok-core\functions\functions-notifications.php on line 336
[04-Feb-2026 08:22:08 Europe/Berlin] PHP Parse error:  syntax error, unexpected token "<", expecting end of file in C:\xampp\htdocs\ok-core\functions\functions-notifications.php on line 336
[04-Feb-2026 08:22:08 Europe/Berlin] PHP Parse error:  syntax error, unexpected token "<", expecting end of file in C:\xampp\htdocs\ok-core\functions\functions-notifications.php on line 336
[04-Feb-2026 08:22:08 Europe/Berlin] PHP Parse error:  syntax error, unexpected token "<", expecting end of file in C:\xampp\htdocs\ok-core\functions\functions-notifications.php on line 336
[04-Feb-2026 08:22:08 Europe/Berlin] PHP Parse error:  syntax error, unexpected token "<", expecting end of file in C:\xampp\htdocs\ok-core\functions\functions-notifications.php on line 336
[04-Feb-2026 08:22:09 Europe/Berlin] PHP Parse error:  syntax error, unexpected token "<", expecting end of file in C:\xampp\htdocs\ok-core\functions\functions-notifications.php on line 336
[04-Feb-2026 08:23:08 Europe/Berlin] PHP Parse error:  syntax error, unexpected token "<", expecting end of file in C:\xampp\htdocs\ok-core\functions\functions-notifications.php on line 336
[04-Feb-2026 08:23:08 Europe/Berlin] PHP Parse error:  syntax error, unexpected token "<", expecting end of file in C:\xampp\htdocs\ok-core\functions\functions-notifications.php on line 336
[04-Feb-2026 08:23:08 Europe/Berlin] PHP Parse error:  syntax error, unexpected token "<", expecting end of file in C:\xampp\htdocs\ok-core\functions\functions-notifications.php on line 336
[04-Feb-2026 08:23:08 Europe/Berlin] PHP Parse error:  syntax error, unexpected token "<", expecting end of file in C:\xampp\htdocs\ok-core\functions\functions-notifications.php on line 336
[04-Feb-2026 08:23:08 Europe/Berlin] PHP Parse error:  syntax error, unexpected token "<", expecting end of file in C:\xampp\htdocs\ok-core\functions\functions-notifications.php on line 336
[04-Feb-2026 08:23:08 Europe/Berlin] PHP Parse error:  syntax error, unexpected token "<", expecting end of file in C:\xampp\htdocs\ok-core\functions\functions-notifications.php on line 336
[04-Feb-2026 08:23:08 Europe/Berlin] PHP Parse error:  syntax error, unexpected token "<", expecting end of file in C:\xampp\htdocs\ok-core\functions\functions-notifications.php on line 336
[04-Feb-2026 08:24:08 Europe/Berlin] PHP Parse error:  syntax error, unexpected token "<", expecting end of file in C:\xampp\htdocs\ok-core\functions\functions-notifications.php on line 336
[04-Feb-2026 08:24:08 Europe/Berlin] PHP Parse error:  syntax error, unexpected token "<", expecting end of file in C:\xampp\htdocs\ok-core\functions\functions-notifications.php on line 336
[04-Feb-2026 08:24:08 Europe/Berlin] PHP Parse error:  syntax error, unexpected token "<", expecting end of file in C:\xampp\htdocs\ok-core\functions\functions-notifications.php on line 336
[04-Feb-2026 08:24:08 Europe/Berlin] PHP Parse error:  syntax error, unexpected token "<", expecting end of file in C:\xampp\htdocs\ok-core\functions\functions-notifications.php on line 336
[04-Feb-2026 08:24:08 Europe/Berlin] PHP Parse error:  syntax error, unexpected token "<", expecting end of file in C:\xampp\htdocs\ok-core\functions\functions-notifications.php on line 336
[04-Feb-2026 08:24:08 Europe/Berlin] PHP Parse error:  syntax error, unexpected token "<", expecting end of file in C:\xampp\htdocs\ok-core\functions\functions-notifications.php on line 336
[04-Feb-2026 08:24:08 Europe/Berlin] PHP Parse error:  syntax error, unexpected token "<", expecting end of file in C:\xampp\htdocs\ok-core\functions\functions-notifications.php on line 336
[04-Feb-2026 08:25:08 Europe/Berlin] PHP Parse error:  syntax error, unexpected token "<", expecting end of file in C:\xampp\htdocs\ok-core\functions\functions-notifications.php on line 336
[04-Feb-2026 08:25:08 Europe/Berlin] PHP Parse error:  syntax error, unexpected token "<", expecting end of file in C:\xampp\htdocs\ok-core\functions\functions-notifications.php on line 336
[04-Feb-2026 08:25:08 Europe/Berlin] PHP Parse error:  syntax error, unexpected token "<", expecting end of file in C:\xampp\htdocs\ok-core\functions\functions-notifications.php on line 336
[04-Feb-2026 08:25:08 Europe/Berlin] PHP Parse error:  syntax error, unexpected token "<", expecting end of file in C:\xampp\htdocs\ok-core\functions\functions-notifications.php on line 336
[04-Feb-2026 08:25:08 Europe/Berlin] PHP Parse error:  syntax error, unexpected token "<", expecting end of file in C:\xampp\htdocs\ok-core\functions\functions-notifications.php on line 336
[04-Feb-2026 08:25:08 Europe/Berlin] PHP Parse error:  syntax error, unexpected token "<", expecting end of file in C:\xampp\htdocs\ok-core\functions\functions-notifications.php on line 336
[04-Feb-2026 08:25:08 Europe/Berlin] PHP Parse error:  syntax error, unexpected token "<", expecting end of file in C:\xampp\htdocs\ok-core\functions\functions-notifications.php on line 336
[04-Feb-2026 08:26:08 Europe/Berlin] PHP Parse error:  syntax error, unexpected token "<", expecting end of file in C:\xampp\htdocs\ok-core\functions\functions-notifications.php on line 336
[04-Feb-2026 08:26:08 Europe/Berlin] PHP Parse error:  syntax error, unexpected token "<", expecting end of file in C:\xampp\htdocs\ok-core\functions\functions-notifications.php on line 336
[04-Feb-2026 08:26:08 Europe/Berlin] PHP Parse error:  syntax error, unexpected token "<", expecting end of file in C:\xampp\htdocs\ok-core\functions\functions-notifications.php on line 336
[04-Feb-2026 08:26:08 Europe/Berlin] PHP Parse error:  syntax error, unexpected token "<", expecting end of file in C:\xampp\htdocs\ok-core\functions\functions-notifications.php on line 336
[04-Feb-2026 08:26:08 Europe/Berlin] PHP Parse error:  syntax error, unexpected token "<", expecting end of file in C:\xampp\htdocs\ok-core\functions\functions-notifications.php on line 336
[04-Feb-2026 08:26:08 Europe/Berlin] PHP Parse error:  syntax error, unexpected token "<", expecting end of file in C:\xampp\htdocs\ok-core\functions\functions-notifications.php on line 336
[04-Feb-2026 08:26:08 Europe/Berlin] PHP Parse error:  syntax error, unexpected token "<", expecting end of file in C:\xampp\htdocs\ok-core\functions\functions-notifications.php on line 336
[04-Feb-2026 11:33:49 Asia/Tbilisi] PHP Warning:  mail(): Failed to connect to mailserver at &quot;localhost&quot; port 25, verify your &quot;SMTP&quot; and &quot;smtp_port&quot; setting in php.ini or use ini_set() in C:\xampp\htdocs\ok-core\functions\functions-notifications.php on line 114
[09-Feb-2026 15:53:29 Asia/Tbilisi] PHP Fatal error:  Uncaught Error: Call to undefined function has_post_thumbnail() in C:\xampp\htdocs\ok-content\themes\newdrpaata\home.php:39
Stack trace:
#0 C:\xampp\htdocs\index.php(489): include()
#1 {main}
  thrown in C:\xampp\htdocs\ok-content\themes\newdrpaata\home.php on line 39
[09-Feb-2026 15:53:35 Asia/Tbilisi] PHP Fatal error:  Uncaught Error: Call to undefined function is_active_sidebar() in C:\xampp\htdocs\ok-content\themes\newdrpaata\footer.php:20
Stack trace:
#0 C:\xampp\htdocs\ok-core\functions\template\general.php(84): require()
#1 C:\xampp\htdocs\ok-core\functions\template\general.php(102): get_template_part('footer', NULL, Array)
#2 C:\xampp\htdocs\ok-content\themes\newdrpaata\page.php(159): get_footer()
#3 C:\xampp\htdocs\index.php(489): include('C:\\xampp\\htdocs...')
#4 {main}
  thrown in C:\xampp\htdocs\ok-content\themes\newdrpaata\footer.php on line 20
[09-Feb-2026 15:53:38 Asia/Tbilisi] PHP Fatal error:  Uncaught Error: Call to undefined function has_post_thumbnail() in C:\xampp\htdocs\ok-content\themes\newdrpaata\home.php:39
Stack trace:
#0 C:\xampp\htdocs\index.php(489): include()
#1 {main}
  thrown in C:\xampp\htdocs\ok-content\themes\newdrpaata\home.php on line 39
[09-Feb-2026 15:53:42 Asia/Tbilisi] PHP Fatal error:  Uncaught Error: Call to undefined function is_active_sidebar() in C:\xampp\htdocs\ok-content\themes\newdrpaata\footer.php:20
Stack trace:
#0 C:\xampp\htdocs\ok-core\functions\template\general.php(84): require()
#1 C:\xampp\htdocs\ok-core\functions\template\general.php(102): get_template_part('footer', NULL, Array)
#2 C:\xampp\htdocs\ok-content\themes\newdrpaata\page.php(159): get_footer()
#3 C:\xampp\htdocs\index.php(489): include('C:\\xampp\\htdocs...')
#4 {main}
  thrown in C:\xampp\htdocs\ok-content\themes\newdrpaata\footer.php on line 20
[09-Feb-2026 15:54:04 Asia/Tbilisi] PHP Fatal error:  Uncaught Error: Call to undefined function has_post_thumbnail() in C:\xampp\htdocs\ok-content\themes\newdrpaata\home.php:39
Stack trace:
#0 C:\xampp\htdocs\index.php(489): include()
#1 {main}
  thrown in C:\xampp\htdocs\ok-content\themes\newdrpaata\home.php on line 39
[09-Feb-2026 15:54:29 Asia/Tbilisi] PHP Fatal error:  Uncaught Error: Call to undefined function has_post_thumbnail() in C:\xampp\htdocs\ok-content\themes\newdrpaata\home.php:39
Stack trace:
#0 C:\xampp\htdocs\index.php(489): include()
#1 {main}
  thrown in C:\xampp\htdocs\ok-content\themes\newdrpaata\home.php on line 39
[09-Feb-2026 15:55:05 Asia/Tbilisi] PHP Fatal error:  Uncaught Error: Call to undefined function has_post_thumbnail() in C:\xampp\htdocs\ok-content\themes\newdrpaata\home.php:39
Stack trace:
#0 C:\xampp\htdocs\index.php(489): include()
#1 {main}
  thrown in C:\xampp\htdocs\ok-content\themes\newdrpaata\home.php on line 39
[09-Feb-2026 15:55:08 Asia/Tbilisi] PHP Fatal error:  Uncaught Error: Call to undefined function is_active_sidebar() in C:\xampp\htdocs\ok-content\themes\newdrpaata\footer.php:20
Stack trace:
#0 C:\xampp\htdocs\ok-core\functions\template\general.php(84): require()
#1 C:\xampp\htdocs\ok-core\functions\template\general.php(102): get_template_part('footer', NULL, Array)
#2 C:\xampp\htdocs\ok-content\themes\newdrpaata\page.php(182): get_footer()
#3 C:\xampp\htdocs\index.php(489): include('C:\\xampp\\htdocs...')
#4 {main}
  thrown in C:\xampp\htdocs\ok-content\themes\newdrpaata\footer.php on line 20
[09-Feb-2026 15:55:53 Asia/Tbilisi] PHP Fatal error:  Uncaught Error: Call to undefined function is_active_sidebar() in C:\xampp\htdocs\ok-content\themes\newdrpaata\footer.php:20
Stack trace:
#0 C:\xampp\htdocs\ok-core\functions\template\general.php(84): require()
#1 C:\xampp\htdocs\ok-core\functions\template\general.php(102): get_template_part('footer', NULL, Array)
#2 C:\xampp\htdocs\ok-content\themes\newdrpaata\page.php(159): get_footer()
#3 C:\xampp\htdocs\index.php(489): include('C:\\xampp\\htdocs...')
#4 {main}
  thrown in C:\xampp\htdocs\ok-content\themes\newdrpaata\footer.php on line 20
[09-Feb-2026 15:56:01 Asia/Tbilisi] PHP Fatal error:  Uncaught Error: Call to undefined function has_post_thumbnail() in C:\xampp\htdocs\ok-content\themes\newdrpaata\home.php:39
Stack trace:
#0 C:\xampp\htdocs\index.php(489): include()
#1 {main}
  thrown in C:\xampp\htdocs\ok-content\themes\newdrpaata\home.php on line 39
[09-Feb-2026 15:56:41 Asia/Tbilisi] PHP Fatal error:  Uncaught Error: Call to undefined function has_post_thumbnail() in C:\xampp\htdocs\ok-content\themes\newdrpaata\home.php:39
Stack trace:
#0 C:\xampp\htdocs\index.php(489): include()
#1 {main}
  thrown in C:\xampp\htdocs\ok-content\themes\newdrpaata\home.php on line 39
[09-Feb-2026 15:56:44 Asia/Tbilisi] PHP Fatal error:  Uncaught Error: Call to undefined function is_active_sidebar() in C:\xampp\htdocs\ok-content\themes\newdrpaata\footer.php:20
Stack trace:
#0 C:\xampp\htdocs\ok-core\functions\template\general.php(84): require()
#1 C:\xampp\htdocs\ok-core\functions\template\general.php(102): get_template_part('footer', NULL, Array)
#2 C:\xampp\htdocs\ok-content\themes\newdrpaata\page.php(159): get_footer()
#3 C:\xampp\htdocs\index.php(489): include('C:\\xampp\\htdocs...')
#4 {main}
  thrown in C:\xampp\htdocs\ok-content\themes\newdrpaata\footer.php on line 20
[09-Feb-2026 15:56:46 Asia/Tbilisi] PHP Fatal error:  Uncaught Error: Call to undefined function has_post_thumbnail() in C:\xampp\htdocs\ok-content\themes\newdrpaata\home.php:39
Stack trace:
#0 C:\xampp\htdocs\index.php(489): include()
#1 {main}
  thrown in C:\xampp\htdocs\ok-content\themes\newdrpaata\home.php on line 39
[09-Feb-2026 15:58:32 Asia/Tbilisi] PHP Fatal error:  Uncaught Error: Call to undefined function has_post_thumbnail() in C:\xampp\htdocs\ok-content\themes\newdrpaata\home.php:39
Stack trace:
#0 C:\xampp\htdocs\index.php(489): include()
#1 {main}
  thrown in C:\xampp\htdocs\ok-content\themes\newdrpaata\home.php on line 39
[09-Feb-2026 16:00:10 Asia/Tbilisi] PHP Fatal error:  Uncaught Error: Call to undefined function is_active_sidebar() in C:\xampp\htdocs\ok-content\themes\newdrpaata\footer.php:20
Stack trace:
#0 C:\xampp\htdocs\ok-content\themes\newdrpaata\404.php(38): include()
#1 C:\xampp\htdocs\index.php(489): include('C:\\xampp\\htdocs...')
#2 {main}
  thrown in C:\xampp\htdocs\ok-content\themes\newdrpaata\footer.php on line 20
[09-Feb-2026 16:01:02 Asia/Tbilisi] PHP Fatal error:  Uncaught Error: Call to undefined function has_post_thumbnail() in C:\xampp\htdocs\ok-content\themes\newdrpaata\home.php:39
Stack trace:
#0 C:\xampp\htdocs\index.php(489): include()
#1 {main}
  thrown in C:\xampp\htdocs\ok-content\themes\newdrpaata\home.php on line 39
[09-Feb-2026 16:01:02 Asia/Tbilisi] PHP Fatal error:  Uncaught Error: Call to undefined function is_active_sidebar() in C:\xampp\htdocs\ok-content\themes\newdrpaata\footer.php:20
Stack trace:
#0 C:\xampp\htdocs\ok-content\themes\newdrpaata\404.php(38): include()
#1 C:\xampp\htdocs\index.php(489): include('C:\\xampp\\htdocs...')
#2 {main}
  thrown in C:\xampp\htdocs\ok-content\themes\newdrpaata\footer.php on line 20
[09-Feb-2026 16:03:11 Asia/Tbilisi] PHP Fatal error:  Uncaught Error: Call to undefined function has_post_thumbnail() in C:\xampp\htdocs\ok-content\themes\newdrpaata\home.php:27
Stack trace:
#0 C:\xampp\htdocs\index.php(489): include()
#1 {main}
  thrown in C:\xampp\htdocs\ok-content\themes\newdrpaata\home.php on line 27
[09-Feb-2026 16:04:27 Asia/Tbilisi] PHP Fatal error:  Uncaught Error: Call to undefined function has_post_thumbnail() in C:\xampp\htdocs\ok-content\themes\newdrpaata\home.php:26
Stack trace:
#0 C:\xampp\htdocs\index.php(489): include()
#1 {main}
  thrown in C:\xampp\htdocs\ok-content\themes\newdrpaata\home.php on line 26
[09-Feb-2026 16:04:35 Asia/Tbilisi] PHP Fatal error:  Uncaught Error: Call to undefined function has_post_thumbnail() in C:\xampp\htdocs\ok-content\themes\newdrpaata\home.php:26
Stack trace:
#0 C:\xampp\htdocs\index.php(489): include()
#1 {main}
  thrown in C:\xampp\htdocs\ok-content\themes\newdrpaata\home.php on line 26
[09-Feb-2026 16:04:50 Asia/Tbilisi] PHP Fatal error:  Uncaught Error: Call to undefined function is_active_sidebar() in C:\xampp\htdocs\ok-content\themes\newdrpaata\footer.php:20
Stack trace:
#0 C:\xampp\htdocs\ok-core\functions\template\general.php(84): require()
#1 C:\xampp\htdocs\ok-core\functions\template\general.php(102): get_template_part('footer', NULL, Array)
#2 C:\xampp\htdocs\ok-content\themes\newdrpaata\page.php(127): get_footer()
#3 C:\xampp\htdocs\index.php(489): include('C:\\xampp\\htdocs...')
#4 {main}
  thrown in C:\xampp\htdocs\ok-content\themes\newdrpaata\footer.php on line 20
[09-Feb-2026 16:04:53 Asia/Tbilisi] PHP Fatal error:  Uncaught Error: Call to undefined function is_active_sidebar() in C:\xampp\htdocs\ok-content\themes\newdrpaata\footer.php:20
Stack trace:
#0 C:\xampp\htdocs\ok-content\themes\newdrpaata\404.php(38): include()
#1 C:\xampp\htdocs\index.php(489): include('C:\\xampp\\htdocs...')
#2 {main}
  thrown in C:\xampp\htdocs\ok-content\themes\newdrpaata\footer.php on line 20
[09-Feb-2026 16:04:55 Asia/Tbilisi] PHP Fatal error:  Uncaught Error: Call to undefined function has_post_thumbnail() in C:\xampp\htdocs\ok-content\themes\newdrpaata\home.php:26
Stack trace:
#0 C:\xampp\htdocs\index.php(489): include()
#1 {main}
  thrown in C:\xampp\htdocs\ok-content\themes\newdrpaata\home.php on line 26
[09-Feb-2026 16:04:55 Asia/Tbilisi] PHP Fatal error:  Uncaught Error: Call to undefined function is_active_sidebar() in C:\xampp\htdocs\ok-content\themes\newdrpaata\footer.php:20
Stack trace:
#0 C:\xampp\htdocs\ok-content\themes\newdrpaata\404.php(38): include()
#1 C:\xampp\htdocs\index.php(489): include('C:\\xampp\\htdocs...')
#2 {main}
  thrown in C:\xampp\htdocs\ok-content\themes\newdrpaata\footer.php on line 20
[09-Feb-2026 16:06:14 Asia/Tbilisi] PHP Fatal error:  Uncaught Error: Call to undefined function is_active_sidebar() in C:\xampp\htdocs\ok-content\themes\newdrpaata\footer.php:20
Stack trace:
#0 C:\xampp\htdocs\ok-core\functions\template\general.php(84): require()
#1 C:\xampp\htdocs\ok-core\functions\template\general.php(102): get_template_part('footer', NULL, Array)
#2 C:\xampp\htdocs\ok-content\themes\newdrpaata\page.php(127): get_footer()
#3 C:\xampp\htdocs\index.php(489): include('C:\\xampp\\htdocs...')
#4 {main}
  thrown in C:\xampp\htdocs\ok-content\themes\newdrpaata\footer.php on line 20
[09-Feb-2026 16:07:19 Asia/Tbilisi] PHP Fatal error:  Uncaught Error: Call to undefined function has_post_thumbnail() in C:\xampp\htdocs\ok-content\themes\newdrpaata\home.php:29
Stack trace:
#0 C:\xampp\htdocs\index.php(489): include()
#1 {main}
  thrown in C:\xampp\htdocs\ok-content\themes\newdrpaata\home.php on line 29
[09-Feb-2026 16:07:25 Asia/Tbilisi] PHP Fatal error:  Uncaught Error: Call to undefined function has_post_thumbnail() in C:\xampp\htdocs\ok-content\themes\newdrpaata\home.php:29
Stack trace:
#0 C:\xampp\htdocs\index.php(489): include()
#1 {main}
  thrown in C:\xampp\htdocs\ok-content\themes\newdrpaata\home.php on line 29
[09-Feb-2026 16:07:25 Asia/Tbilisi] PHP Fatal error:  Uncaught Error: Call to undefined function is_active_sidebar() in C:\xampp\htdocs\ok-content\themes\newdrpaata\footer.php:20
Stack trace:
#0 C:\xampp\htdocs\ok-content\themes\newdrpaata\404.php(38): include()
#1 C:\xampp\htdocs\index.php(489): include('C:\\xampp\\htdocs...')
#2 {main}
  thrown in C:\xampp\htdocs\ok-content\themes\newdrpaata\footer.php on line 20
[09-Feb-2026 16:08:52 Asia/Tbilisi] PHP Fatal error:  Uncaught Error: Call to undefined function has_post_thumbnail() in C:\xampp\htdocs\ok-content\themes\newdrpaata\home.php:27
Stack trace:
#0 C:\xampp\htdocs\index.php(489): include()
#1 {main}
  thrown in C:\xampp\htdocs\ok-content\themes\newdrpaata\home.php on line 27
[09-Feb-2026 16:11:12 Asia/Tbilisi] PHP Fatal error:  Uncaught Error: Call to undefined function has_post_thumbnail() in C:\xampp\htdocs\ok-content\themes\newdrpaata\home.php:27
Stack trace:
#0 C:\xampp\htdocs\index.php(489): include()
#1 {main}
  thrown in C:\xampp\htdocs\ok-content\themes\newdrpaata\home.php on line 27
[09-Feb-2026 16:12:34 Asia/Tbilisi] PHP Fatal error:  Uncaught Error: Call to undefined function is_active_sidebar() in C:\xampp\htdocs\ok-content\themes\newdrpaata\footer.php:20
Stack trace:
#0 C:\xampp\htdocs\ok-core\functions\template\general.php(84): require()
#1 C:\xampp\htdocs\ok-core\functions\template\general.php(102): get_template_part('footer', NULL, Array)
#2 C:\xampp\htdocs\ok-content\themes\newdrpaata\home.php(63): get_footer()
#3 C:\xampp\htdocs\index.php(489): include('C:\\xampp\\htdocs...')
#4 {main}
  thrown in C:\xampp\htdocs\ok-content\themes\newdrpaata\footer.php on line 20
[09-Feb-2026 16:12:44 Asia/Tbilisi] PHP Fatal error:  Uncaught Error: Call to undefined function is_active_sidebar() in C:\xampp\htdocs\ok-content\themes\newdrpaata\footer.php:20
Stack trace:
#0 C:\xampp\htdocs\ok-core\functions\template\general.php(84): require()
#1 C:\xampp\htdocs\ok-core\functions\template\general.php(102): get_template_part('footer', NULL, Array)
#2 C:\xampp\htdocs\ok-content\themes\newdrpaata\page.php(127): get_footer()
#3 C:\xampp\htdocs\index.php(489): include('C:\\xampp\\htdocs...')
#4 {main}
  thrown in C:\xampp\htdocs\ok-content\themes\newdrpaata\footer.php on line 20
